PRT1
185
287
4 0 43 (1024 1024 816 ) (1024 1024 2048 ) (1024 1056 2048 ) (1024 1056 816 ) 
4 0 39 (1024 1056 2048 ) (1024 1264 2048 ) (1024 1264 816 ) (1024 1056 816 ) 
4 0 19 (1024 1024 2048 ) (1024 1024 816 ) (1072 1024 816 ) (1072 1024 2048 ) 
4 0 10 (1072 1024 816 ) (1088 1024 816 ) (1088 1024 2048 ) (1072 1024 2048 ) 
4 0 2 (1088 1024 816 ) (1680 1024 816 ) (1680 1024 2048 ) (1088 1024 2048 ) 
4 0 1 (1680 1024 816 ) (2032 1024 816 ) (2032 1024 2048 ) (1680 1024 2048 ) 
4 1 37 (2032 0 2048 ) (1680 0 2048 ) (1680 0 816 ) (2032 0 816 ) 
4 1 4 (1680 32 816 ) (1680 0 816 ) (1680 0 2048 ) (1680 32 2048 ) 
4 1 3 (1680 976 816 ) (1680 32 816 ) (1680 32 2048 ) (1680 976 2048 ) 
4 1 2 (1680 1024 2048 ) (1680 1024 816 ) (1680 976 816 ) (1680 976 2048 ) 
4 2 10 (1088 1024 2048 ) (1088 1024 816 ) (1088 976 816 ) (1088 976 2048 ) 
4 2 3 (1088 976 2048 ) (1088 976 816 ) (1680 976 816 ) (1680 976 2048 ) 
4 3 18 (1088 144 480 ) (1088 80 480 ) (1088 80 576 ) (1088 144 576 ) 
4 3 16 (1088 448 480 ) (1088 384 480 ) (1088 384 576 ) (1088 448 576 ) 
4 3 17 (1088 304 480 ) (1088 240 480 ) (1088 240 576 ) (1088 304 576 ) 
4 3 15 (1088 624 480 ) (1088 560 480 ) (1088 560 576 ) (1088 624 576 ) 
4 3 14 (1088 448 656 ) (1088 384 656 ) (1088 384 752 ) (1088 448 752 ) 
4 3 13 (1088 624 656 ) (1088 560 656 ) (1088 560 752 ) (1088 624 752 ) 
4 3 12 (1088 768 656 ) (1088 704 656 ) (1088 704 752 ) (1088 768 752 ) 
4 3 11 (1088 928 656 ) (1088 864 656 ) (1088 864 752 ) (1088 928 752 ) 
4 3 10 (1088 976 2048 ) (1088 976 816 ) (1088 32 816 ) (1088 32 2048 ) 
4 3 9 (1088 560 240 ) (1088 624 240 ) (1128 624 240 ) (1128 560 240 ) 
4 3 8 (1088 864 240 ) (1088 928 240 ) (1128 928 240 ) (1128 864 240 ) 
4 3 7 (1384 880 240 ) (1515.880005 744 240 ) (1384 608 240 ) (1252.120117 744 240 ) 
4 3 6 (1680 624 240 ) (1680 560 240 ) (1640 560 240 ) (1640 624 240 ) 
4 3 5 (1680 928 240 ) (1680 864 240 ) (1640 864 240 ) (1640 928 240 ) 
4 3 4 (1088 32 2048 ) (1088 32 816 ) (1680 32 816 ) (1680 32 2048 ) 
4 4 37 (1680 0 816 ) (1680 0 2048 ) (1088 0 2048 ) (1088 0 816 ) 
4 4 10 (1088 0 816 ) (1088 0 2048 ) (1088 32 2048 ) (1088 32 816 ) 
4 10 37 (1088 0 816 ) (1088 0 2048 ) (1072 0 2048 ) (1072 0 816 ) 
4 10 31 (1072 32 816 ) (1072 0 816 ) (1072 0 2048 ) (1072 32 2048 ) 
4 10 29 (1072 224 816 ) (1072 32 816 ) (1072 32 2048 ) (1072 224 2048 ) 
4 10 28 (1072 336 816 ) (1072 224 816 ) (1072 224 2048 ) (1072 336 2048 ) 
4 10 23 (1072 640 816 ) (1072 336 816 ) (1072 336 2048 ) (1072 640 2048 ) 
4 10 22 (1072 672 816 ) (1072 640 816 ) (1072 640 2048 ) (1072 672 2048 ) 
4 10 20 (1072 976 816 ) (1072 672 816 ) (1072 672 2048 ) (1072 976 2048 ) 
4 10 19 (1072 1024 2048 ) (1072 1024 816 ) (1072 976 816 ) (1072 976 2048 ) 
4 11 21 (1072 928 656 ) (1072 864 656 ) (1072 864 752 ) (1072 928 752 ) 
4 12 21 (1072 768 656 ) (1072 704 656 ) (1072 704 752 ) (1072 768 752 ) 
4 13 24 (1072 624 656 ) (1072 560 656 ) (1072 560 752 ) (1072 624 752 ) 
4 14 25 (1072 448 656 ) (1072 384 656 ) (1072 384 752 ) (1072 448 752 ) 
4 15 32 (1072 624 480 ) (1072 560 480 ) (1072 560 576 ) (1072 624 576 ) 
4 16 33 (1072 448 480 ) (1072 384 480 ) (1072 384 576 ) (1072 448 576 ) 
4 17 34 (1072 304 480 ) (1072 240 480 ) (1072 240 576 ) (1072 304 576 ) 
4 18 35 (1072 144 480 ) (1072 80 480 ) (1072 80 576 ) (1072 144 576 ) 
4 19 50 (1024 1024 2048 ) (1024 1024 816 ) (1024 976 816 ) (1024 976 2048 ) 
4 19 20 (1072 976 816 ) (1072 976 2048 ) (1024 976 2048 ) (1024 976 816 ) 
4 20 53 (1024 672 816 ) (1024 672 2048 ) (1024 976 2048 ) (1024 976 816 ) 
4 20 22 (1024 672 2048 ) (1024 672 816 ) (1072 672 816 ) (1072 672 2048 ) 
4 21 77 (1024 976 576 ) (1024 672 576 ) (1024 672 608 ) (1024 976 608 ) 
4 21 54 (1024 672 608 ) (1024 672 752 ) (1024 976 752 ) (1024 976 608 ) 
4 22 55 (1024 672 2048 ) (1024 672 816 ) (1024 640 816 ) (1024 640 2048 ) 
4 22 26 (1056 640 2048 ) (1024 640 2048 ) (1024 640 816 ) (1056 640 816 ) 
4 22 23 (1072 640 816 ) (1072 640 2048 ) (1056 640 2048 ) (1056 640 816 ) 
4 23 28 (1072 336 816 ) (1072 336 2048 ) (1056 336 2048 ) (1056 336 816 ) 
4 23 26 (1056 640 2048 ) (1056 640 816 ) (1056 336 816 ) (1056 336 2048 ) 
4 24 27 (1056 624 656 ) (1056 560 656 ) (1056 560 752 ) (1056 624 752 ) 
4 25 27 (1056 448 656 ) (1056 384 656 ) (1056 384 752 ) (1056 448 752 ) 
4 26 56 (1024 640 2048 ) (1024 640 816 ) (1024 336 816 ) (1024 336 2048 ) 
4 26 28 (1024 336 2048 ) (1024 336 816 ) (1056 336 816 ) (1056 336 2048 ) 
4 27 57 (1024 640 784 ) (1024 640 624 ) (1024 336 624 ) (1024 336 784 ) 
4 28 58 (1024 336 2048 ) (1024 336 816 ) (1024 224 816 ) (1024 224 2048 ) 
4 28 29 (1072 224 816 ) (1072 224 2048 ) (1024 224 2048 ) (1024 224 816 ) 
4 29 58 (1024 32 2048 ) (1024 224 2048 ) (1024 224 816 ) (1024 32 816 ) 
4 29 31 (1072 32 816 ) (1072 32 2048 ) (1024 32 2048 ) (1024 32 816 ) 
4 30 94 (1024 224 592 ) (1024 224 576 ) (1024 32 576 ) (1024 32 592 ) 
4 30 35 (1024 32 576 ) (1024 224 576 ) (1072 224 576 ) (1072 32 576 ) 
4 31 58 (1024 0 816 ) (1024 0 2048 ) (1024 32 2048 ) (1024 32 816 ) 
4 31 37 (1072 0 816 ) (1072 0 2048 ) (1024 0 2048 ) (1024 0 816 ) 
4 32 79 (1024 560 576 ) (1024 624 576 ) (1024 624 480 ) (1024 560 480 ) 
4 33 87 (1024 384 576 ) (1024 448 576 ) (1024 448 480 ) (1024 384 480 ) 
4 34 93 (1024 240 576 ) (1024 304 576 ) (1024 304 480 ) (1024 240 480 ) 
4 35 94 (1024 32 576 ) (1024 224 576 ) (1024 224 480 ) (1024 32 480 ) 
4 35 36 (1072 224 480 ) (1072 32 480 ) (1024 32 480 ) (1024 224 480 ) 
4 36 94 (1024 32 448 ) (1024 32 480 ) (1024 224 480 ) (1024 224 448 ) 
4 37 139 (1024 0 2048 ) (1024 0 816 ) (1024 -256 816 ) (1024 -256 2048 ) 
4 38 45 (0 1664 576 ) (0 1664 752 ) (0 1824 752 ) (0 1824 576 ) 
4 38 41 (16 1664 576 ) (112 1664 576 ) (112 1664 752 ) (16 1664 752 ) 
4 39 43 (1024 1056 816 ) (1024 1056 2048 ) (736 1056 2048 ) (736 1056 816 ) 
4 40 44 (816 1056 576 ) (816 1056 752 ) (736 1056 752 ) (736 1056 576 ) 
4 40 42 (112 1056 576 ) (112 1056 752 ) (112 1136 752 ) (112 1136 576 ) 
4 41 42 (112 1344 576 ) (112 1344 752 ) (32 1344 752 ) (32 1344 576 ) 
4 43 51 (816 1024 2048 ) (736 1024 2048 ) (736 1024 816 ) (816 1024 816 ) 
4 43 50 (1024 1024 816 ) (1024 1024 2048 ) (816 1024 2048 ) (816 1024 816 ) 
4 44 76 (816 1024 576 ) (816 1024 608 ) (736 1024 608 ) (736 1024 576 ) 
4 44 52 (816 1024 608 ) (816 1024 752 ) (736 1024 752 ) (736 1024 608 ) 
4 45 47 (-544 1664 576 ) (-544 1664 672 ) (-544 1824 672 ) (-544 1824 576 ) 
4 46 49 (-64 1312 576 ) (-64 1312 736 ) (-352 1312 736 ) (-352 1312 576 ) 
4 46 48 (-544 1312 576 ) (-544 1312 736 ) (-544 1440 736 ) (-544 1440 576 ) 
4 47 48 (-704 1440 672 ) (-704 1440 576 ) (-544 1440 576 ) (-544 1440 672 ) 
4 49 117 (0 1024 576 ) (0 1024 608 ) (-352 1024 608 ) (-352 1024 576 ) 
4 49 110 (0 1024 608 ) (0 1024 648 ) (-352 1024 648 ) (-352 1024 608 ) 
4 49 106 (0 1024 648 ) (0 1024 736 ) (-352 1024 736 ) (-352 1024 648 ) 
4 50 53 (1024 976 816 ) (1024 976 2048 ) (816 976 2048 ) (816 976 816 ) 
4 50 51 (816 976 816 ) (816 976 2048 ) (816 1024 2048 ) (816 1024 816 ) 
4 51 53 (736 976 2048 ) (736 976 816 ) (816 976 816 ) (816 976 2048 ) 
4 52 76 (736 1024 608 ) (816 1024 608 ) (816 976 608 ) (736 976 608 ) 
4 52 54 (736 976 752 ) (736 976 608 ) (816 976 608 ) (816 976 752 ) 
4 53 55 (736 672 2048 ) (736 672 816 ) (1024 672 816 ) (1024 672 2048 ) 
4 54 77 (1024 976 608 ) (1024 672 608 ) (736 672 608 ) (736 976 608 ) 
4 55 56 (736 640 2048 ) (736 640 816 ) (1024 640 816 ) (1024 640 2048 ) 
4 56 58 (736 336 2048 ) (736 336 816 ) (1024 336 816 ) (1024 336 2048 ) 
4 57 59 (736 352 736 ) (736 432 736 ) (736 432 624 ) (736 352 624 ) 
4 58 139 (1024 0 816 ) (1024 0 2048 ) (736 0 2048 ) (736 0 816 ) 
4 59 68 (704 432 624 ) (704 352 624 ) (704 352 736 ) (704 432 736 ) 
4 60 63 (704 896 624 ) (704 896 784 ) (256 896 784 ) (256 896 624 ) 
4 60 61 (256 896 624 ) (256 896 736 ) (256 976 736 ) (256 976 624 ) 
4 61 62 (224 896 624 ) (224 896 736 ) (224 976 736 ) (224 976 624 ) 
4 62 71 (96 896 624 ) (96 896 784 ) (96 1024 784 ) (96 1024 624 ) 
4 62 67 (96 896 784 ) (96 896 624 ) (224 896 624 ) (224 896 784 ) 
4 63 66 (256 808 784 ) (256 808 624 ) (704 808 624 ) (704 808 784 ) 
4 63 64 (544 808 624 ) (352 808 624 ) (352 896 624 ) (544 896 624 ) 
4 64 65 (352 808 610 ) (352 896 610 ) (544 896 610 ) (544 808 610 ) 
4 65 83 (544 808 608 ) (352 808 608 ) (352 896 608 ) (544 896 608 ) 
4 66 68 (704 704 624 ) (704 704 784 ) (608 704 784 ) (608 704 624 ) 
4 67 71 (96 704 624 ) (96 704 784 ) (96 896 784 ) (96 896 624 ) 
4 67 69 (96 704 784 ) (96 704 624 ) (224 704 624 ) (224 704 784 ) 
4 69 71 (96 672 624 ) (96 672 784 ) (96 704 784 ) (96 704 624 ) 
4 69 70 (96 672 784 ) (96 672 624 ) (224 672 624 ) (224 672 784 ) 
4 70 73 (96 448 768 ) (96 448 624 ) (96 352 624 ) (96 352 768 ) 
4 70 71 (96 512 784 ) (96 672 784 ) (96 672 624 ) (96 512 624 ) 
4 71 72 (48 960 712 ) (48 960 624 ) (48 864 624 ) (48 864 712 ) 
4 72 110 (0 864 624 ) (0 864 648 ) (0 960 648 ) (0 960 624 ) 
4 72 106 (0 864 648 ) (0 864 712 ) (0 960 712 ) (0 960 648 ) 
4 73 75 (64 352 624 ) (64 352 648 ) (64 448 648 ) (64 448 624 ) 
4 73 74 (64 352 648 ) (64 352 768 ) (64 448 768 ) (64 448 648 ) 
4 74 145 (0 0 816 ) (0 0 648 ) (64 0 648 ) (64 0 816 ) 
4 74 109 (0 0 648 ) (0 0 816 ) (0 480 816 ) (0 480 648 ) 
4 74 75 (0 0 648 ) (0 480 648 ) (64 480 648 ) (64 0 648 ) 
4 75 146 (0 0 648 ) (0 0 624 ) (64 0 624 ) (64 0 648 ) 
4 75 113 (0 0 624 ) (0 0 648 ) (0 480 648 ) (0 480 624 ) 
4 76 77 (736 976 608 ) (736 976 576 ) (816 976 576 ) (816 976 608 ) 
4 77 80 (736 880 576 ) (736 704 576 ) (736 704 592 ) (736 880 592 ) 
4 77 78 (736 704 576 ) (736 880 576 ) (896 880 576 ) (896 704 576 ) 
4 78 80 (736 704 448 ) (736 704 576 ) (736 880 576 ) (736 880 448 ) 
4 79 87 (1024 496 448 ) (1024 496 592 ) (736 496 592 ) (736 496 448 ) 
4 79 82 (736 496 448 ) (736 496 592 ) (736 624 592 ) (736 624 448 ) 
4 80 81 (704 704 448 ) (704 704 592 ) (704 880 592 ) (704 880 448 ) 
4 81 85 (656 656 432 ) (656 656 592 ) (656 1024 592 ) (656 1024 432 ) 
4 82 87 (688 496 592 ) (688 496 448 ) (736 496 448 ) (736 496 592 ) 
4 83 84 (352 808 606 ) (352 896 606 ) (544 896 606 ) (544 808 606 ) 
4 84 85 (352 896 592 ) (544 896 592 ) (544 808 592 ) (352 808 592 ) 
4 85 86 (528 528 448 ) (528 528 560 ) (448 528 560 ) (448 528 448 ) 
4 86 88 (448 496 560 ) (448 496 448 ) (528 496 448 ) (528 496 560 ) 
4 87 91 (1024 368 448 ) (1024 368 592 ) (688 368 592 ) (688 368 448 ) 
4 87 88 (688 496 448 ) (688 368 448 ) (688 368 592 ) (688 496 592 ) 
4 88 92 (448 368 560 ) (448 368 448 ) (528 368 448 ) (528 368 560 ) 
4 88 89 (32 484 448 ) (32 380 448 ) (32 380 588 ) (32 484 588 ) 
4 89 90 (12 464 448 ) (12 400 448 ) (12 400 568 ) (12 464 568 ) 
4 90 119 (0 400 568 ) (0 464 568 ) (0 464 448 ) (0 400 448 ) 
4 91 93 (1024 352 448 ) (1024 352 592 ) (688 352 592 ) (688 352 448 ) 
4 92 100 (528 352 448 ) (528 352 560 ) (448 352 560 ) (448 352 448 ) 
4 94 96 (688 128 512 ) (688 128 448 ) (688 64 448 ) (688 64 512 ) 
4 94 95 (688 32 592 ) (688 32 448 ) (960 32 448 ) (960 32 592 ) 
4 95 140 (960 0 448 ) (960 0 592 ) (688 0 592 ) (688 0 448 ) 
4 96 101 (672 128 512 ) (672 128 448 ) (672 64 448 ) (672 64 512 ) 
4 97 100 (320 352 568 ) (672 352 568 ) (672 336 568 ) (320 336 568 ) 
4 97 98 (320 336 568 ) (672 336 568 ) (672 336 592 ) (320 336 592 ) 
4 98 141 (560 0 592 ) (352 0 592 ) (352 0 568 ) (560 0 568 ) 
4 98 101 (320 336 568 ) (672 336 568 ) (672 0 568 ) (320 0 568 ) 
4 99 147 (32 0 592 ) (32 0 568 ) (208 0 568 ) (208 0 592 ) 
4 99 142 (208 0 568 ) (288 0 568 ) (288 0 592 ) (208 0 592 ) 
4 99 102 (32 336 568 ) (288 336 568 ) (288 0 568 ) (32 0 568 ) 
4 100 104 (320 352 448 ) (672 352 448 ) (672 336 448 ) (320 336 448 ) 
4 100 101 (320 336 448 ) (672 336 448 ) (672 336 568 ) (320 336 568 ) 
4 101 141 (560 0 568 ) (352 0 568 ) (352 0 448 ) (560 0 448 ) 
4 101 104 (672 336 448 ) (672 0 448 ) (320 0 448 ) (320 336 448 ) 
4 102 147 (208 0 568 ) (32 0 568 ) (32 0 448 ) (208 0 448 ) 
4 102 142 (288 0 568 ) (208 0 568 ) (208 0 448 ) (288 0 448 ) 
4 102 105 (288 0 448 ) (32 0 448 ) (32 336 448 ) (288 336 448 ) 
4 102 103 (32 128 448 ) (32 64 448 ) (32 64 568 ) (32 128 568 ) 
4 103 120 (0 64 568 ) (0 128 568 ) (0 128 448 ) (0 64 448 ) 
4 104 141 (560 0 448 ) (352 0 448 ) (352 0 432 ) (560 0 432 ) 
4 105 147 (208 0 448 ) (32 0 448 ) (32 0 432 ) (208 0 432 ) 
4 105 142 (288 0 432 ) (288 0 448 ) (208 0 448 ) (208 0 432 ) 
4 106 110 (-352 1024 648 ) (0 1024 648 ) (0 736 648 ) (-352 736 648 ) 
4 106 107 (-352 992 648 ) (-352 768 648 ) (-352 768 736 ) (-352 992 736 ) 
4 107 111 (-352 992 648 ) (-352 768 648 ) (-384 768 648 ) (-384 992 648 ) 
4 108 112 (-96 704 648 ) (0 704 648 ) (0 512 648 ) (-96 512 648 ) 
4 109 158 (0 0 648 ) (0 0 800 ) (-576 0 800 ) (-576 0 648 ) 
4 109 156 (0 0 800 ) (0 0 816 ) (-576 0 816 ) (-576 0 800 ) 
4 109 115 (-352 352 648 ) (-352 176 648 ) (-576 176 648 ) (-576 352 648 ) 
4 109 114 (-576 480 648 ) (-352 480 648 ) (-352 352 648 ) (-576 352 648 ) 
4 109 116 (-352 176 648 ) (-352 0 648 ) (-576 0 648 ) (-576 176 648 ) 
4 109 113 (-352 480 648 ) (0 480 648 ) (0 0 648 ) (-352 0 648 ) 
4 110 117 (-352 1024 608 ) (0 1024 608 ) (0 736 608 ) (-352 736 608 ) 
4 110 111 (-352 992 608 ) (-352 768 608 ) (-352 768 648 ) (-352 992 648 ) 
4 111 123 (-352 992 608 ) (-352 768 608 ) (-384 768 608 ) (-384 992 608 ) 
4 112 118 (0 704 608 ) (0 512 608 ) (-96 512 608 ) (-96 704 608 ) 
4 113 159 (0 0 624 ) (0 0 648 ) (-352 0 648 ) (-352 0 624 ) 
4 113 115 (-352 352 624 ) (-352 176 624 ) (-352 176 648 ) (-352 352 648 ) 
4 113 114 (-352 480 648 ) (-352 480 624 ) (-352 352 624 ) (-352 352 648 ) 
4 113 116 (-352 176 624 ) (-352 0 624 ) (-352 0 648 ) (-352 176 648 ) 
4 114 115 (-576 352 648 ) (-576 352 624 ) (-352 352 624 ) (-352 352 648 ) 
4 115 116 (-576 176 648 ) (-576 176 624 ) (-352 176 624 ) (-352 176 648 ) 
4 116 160 (-352 0 648 ) (-576 0 648 ) (-576 0 624 ) (-352 0 624 ) 
4 117 124 (-352 776 568 ) (-352 840 568 ) (-352 840 536 ) (-352 776 536 ) 
4 117 123 (-352 768 608 ) (-352 992 608 ) (-352 992 576 ) (-352 768 576 ) 
4 117 118 (-96 736 576 ) (0 736 576 ) (0 736 608 ) (-96 736 608 ) 
4 117 119 (-352 736 576 ) (-352 736 528 ) (0 736 528 ) (0 736 576 ) 
4 118 119 (-96 512 576 ) (-96 736 576 ) (0 736 576 ) (0 512 576 ) 
4 119 127 (-352 480 544 ) (-352 480 448 ) (-352 416 448 ) (-352 416 544 ) 
4 119 126 (-352 640 480 ) (-352 576 480 ) (-352 576 536 ) (-352 640 536 ) 
4 119 125 (-352 640 536 ) (-352 576 536 ) (-352 576 544 ) (-352 640 544 ) 
4 119 120 (-160 384 448 ) (0 384 448 ) (0 384 576 ) (-160 384 576 ) 
4 120 161 (0 0 448 ) (0 0 576 ) (-160 0 576 ) (-160 0 448 ) 
4 120 121 (-160 128 448 ) (-160 64 448 ) (-160 64 568 ) (-160 128 568 ) 
4 121 122 (-176 128 448 ) (-176 64 448 ) (-176 64 568 ) (-176 128 568 ) 
4 122 128 (-352 16 448 ) (-352 16 576 ) (-352 352 576 ) (-352 352 448 ) 
4 124 129 (-384 776 568 ) (-384 840 568 ) (-384 840 536 ) (-384 776 536 ) 
4 125 133 (-384 576 536 ) (-384 576 544 ) (-384 640 544 ) (-384 640 536 ) 
4 125 126 (-352 576 536 ) (-384 576 536 ) (-384 640 536 ) (-352 640 536 ) 
4 126 133 (-384 576 480 ) (-384 576 536 ) (-384 640 536 ) (-384 640 480 ) 
4 127 133 (-384 416 448 ) (-384 416 544 ) (-384 480 544 ) (-384 480 448 ) 
4 128 135 (-384 16 448 ) (-384 16 576 ) (-384 352 576 ) (-384 352 448 ) 
4 129 130 (-464 776 568 ) (-464 840 568 ) (-464 840 536 ) (-464 776 536 ) 
4 130 136 (-800 720 576 ) (-1008 720 576 ) (-1008 720 448 ) (-800 720 448 ) 
4 130 131 (-520 720 556 ) (-580 720 556 ) (-580 720 476 ) (-520 720 476 ) 
4 131 132 (-580 704 476 ) (-520 704 476 ) (-520 704 556 ) (-580 704 556 ) 
4 132 133 (-580 640 476 ) (-520 640 476 ) (-520 640 556 ) (-580 640 556 ) 
4 134 135 (-784 352 576 ) (-784 352 448 ) (-672 352 448 ) (-672 352 576 ) 
4 136 169 (-1008 0 576 ) (-1008 0 448 ) (-800 0 448 ) (-800 0 576 ) 
4 137 170 (-1024 0 144 ) (-1024 0 96 ) (-984 0 96 ) (-984 0 144 ) 
4 137 138 (-872 0 96 ) (-1024 0 96 ) (-1024 56 96 ) (-872 56 96 ) 
4 138 171 (-984 0 96 ) (-1024 0 96 ) (-1024 0 32 ) (-984 0 32 ) 
4 141 144 (352 -768 592 ) (352 -400 592 ) (352 -400 432 ) (352 -768 432 ) 
4 142 147 (208 0 592 ) (208 0 432 ) (208 -32 432 ) (208 -32 592 ) 
4 142 143 (208 -32 592 ) (208 -32 432 ) (288 -32 432 ) (288 -32 592 ) 
4 143 148 (208 -368 432 ) (208 -368 592 ) (208 -32 592 ) (208 -32 432 ) 
4 144 153 (208 -656 592 ) (208 -512 592 ) (208 -512 432 ) (208 -656 432 ) 
4 144 150 (208 -400 528 ) (208 -400 448 ) (208 -464 448 ) (208 -464 528 ) 
4 145 158 (0 0 800 ) (0 0 648 ) (0 -208 648 ) (0 -208 800 ) 
4 145 156 (0 0 816 ) (0 0 800 ) (0 -208 800 ) (0 -208 816 ) 
4 145 146 (64 0 648 ) (64 -208 648 ) (0 -208 648 ) (0 0 648 ) 
4 146 159 (0 0 648 ) (0 0 624 ) (0 -208 624 ) (0 -208 648 ) 
4 147 148 (32 -32 592 ) (32 -32 432 ) (208 -32 432 ) (208 -32 592 ) 
4 148 151 (176 -368 592 ) (32 -368 592 ) (32 -368 432 ) (176 -368 432 ) 
4 148 149 (176 -368 432 ) (32 -368 432 ) (32 -32 432 ) (176 -32 432 ) 
4 149 155 (176 -368 420 ) (32 -368 420 ) (32 -32 420 ) (176 -32 420 ) 
4 149 152 (32 -368 420 ) (176 -368 420 ) (176 -368 432 ) (32 -368 432 ) 
4 150 151 (176 -464 448 ) (176 -464 528 ) (176 -400 528 ) (176 -400 448 ) 
4 151 152 (32 -480 432 ) (32 -368 432 ) (176 -368 432 ) (176 -480 432 ) 
4 152 155 (32 -368 420 ) (176 -368 420 ) (176 -480 420 ) (32 -480 420 ) 
4 153 154 (16 -656 432 ) (16 -656 592 ) (16 -512 592 ) (16 -512 432 ) 
4 154 176 (0 -656 432 ) (0 -656 592 ) (0 -512 592 ) (0 -512 432 ) 
4 156 158 (-576 0 800 ) (0 0 800 ) (0 -208 800 ) (-576 -208 800 ) 
4 156 157 (-576 -96 800 ) (-576 -208 800 ) (-576 -208 816 ) (-576 -96 816 ) 
4 157 164 (-768 -96 800 ) (-576 -96 800 ) (-576 -208 800 ) (-768 -208 800 ) 
4 158 164 (-576 -208 648 ) (-576 -208 800 ) (-576 -96 800 ) (-576 -96 648 ) 
4 158 160 (-352 -208 648 ) (-576 -208 648 ) (-576 0 648 ) (-352 0 648 ) 
4 158 159 (0 -208 648 ) (-352 -208 648 ) (-352 0 648 ) (0 0 648 ) 
4 159 160 (-352 0 624 ) (-352 -208 624 ) (-352 -208 648 ) (-352 0 648 ) 
4 160 164 (-576 -208 624 ) (-576 -208 648 ) (-576 -96 648 ) (-576 -96 624 ) 
4 161 165 (-576 -96 448 ) (-576 -208 448 ) (-576 -208 576 ) (-576 -96 576 ) 
4 161 163 (-576 0 448 ) (-576 -96 448 ) (-576 -96 576 ) (-576 0 576 ) 
4 161 162 (-576 -208 576 ) (-576 -208 448 ) (0 -208 448 ) (0 -208 576 ) 
4 162 173 (-576 -224 560 ) (-576 -224 496 ) (-288 -224 496 ) (-288 -224 560 ) 
4 162 172 (-240 -224 560 ) (-240 -224 448 ) (-176 -224 448 ) (-176 -224 560 ) 
4 162 165 (-576 -208 448 ) (-576 -224 448 ) (-576 -224 576 ) (-576 -208 576 ) 
4 163 167 (-768 0 448 ) (-768 -96 448 ) (-768 -96 576 ) (-768 0 576 ) 
4 163 165 (-768 -96 576 ) (-768 -96 448 ) (-576 -96 448 ) (-576 -96 576 ) 
4 164 166 (-768 -176 800 ) (-768 -96 800 ) (-768 -96 688 ) (-768 -176 688 ) 
4 165 173 (-576 -224 496 ) (-576 -224 560 ) (-752 -224 560 ) (-752 -224 496 ) 
4 165 167 (-768 -96 448 ) (-768 -224 448 ) (-768 -224 576 ) (-768 -96 576 ) 
4 166 168 (-800 -96 688 ) (-800 -176 688 ) (-800 -176 800 ) (-800 -96 800 ) 
4 167 169 (-800 0 576 ) (-800 0 448 ) (-800 -224 448 ) (-800 -224 576 ) 
4 168 169 (-1008 -224 576 ) (-1008 -96 576 ) (-800 -96 576 ) (-800 -224 576 ) 
4 170 174 (-1024 -224 144 ) (-1024 -224 96 ) (-984 -224 96 ) (-984 -224 144 ) 
4 170 171 (-984 -224 96 ) (-1024 -224 96 ) (-1024 0 96 ) (-984 0 96 ) 
4 171 183 (-984 -224 32 ) (-984 -224 96 ) (-1024 -224 96 ) (-1024 -224 32 ) 
4 172 181 (-176 -240 448 ) (-176 -240 560 ) (-240 -240 560 ) (-240 -240 448 ) 
4 173 181 (-288 -240 560 ) (-752 -240 560 ) (-752 -240 496 ) (-288 -240 496 ) 
4 174 183 (-1024 -240 96 ) (-1024 -224 96 ) (-984 -224 96 ) (-984 -240 96 ) 
4 174 182 (-1024 -240 96 ) (-984 -240 96 ) (-984 -240 144 ) (-1024 -240 144 ) 
4 175 180 (-640 -1008 2048 ) (-640 -896 2048 ) (-336 -896 2048 ) (-336 -1008 2048 ) 
4 175 178 (-640 -896 2048 ) (-640 -384 2048 ) (-336 -384 2048 ) (-336 -896 2048 ) 
4 175 177 (-640 -384 2048 ) (-640 -256 2048 ) (-336 -256 2048 ) (-336 -384 2048 ) 
4 176 184 (0 -1024 96 ) (-128 -1024 96 ) (-128 -240 96 ) (0 -240 96 ) 
4 176 181 (-128 -240 1008 ) (-128 -240 96 ) (-128 -1024 96 ) (-128 -1024 1008 ) 
4 177 178 (-896 -384 2048 ) (-896 -384 1216 ) (-128 -384 1216 ) (-128 -384 2048 ) 
4 178 180 (-896 -896 2048 ) (-896 -896 1216 ) (-128 -896 1216 ) (-128 -896 2048 ) 
4 178 179 (-128 -896 1200 ) (-896 -896 1200 ) (-896 -384 1200 ) (-128 -384 1200 ) 
4 179 181 (-896 -896 1008 ) (-896 -384 1008 ) (-128 -384 1008 ) (-128 -896 1008 ) 
4 181 184 (-128 -1024 96 ) (-896 -1024 96 ) (-896 -240 96 ) (-128 -240 96 ) 
4 181 182 (-896 -240 1008 ) (-896 -240 96 ) (-896 -1024 96 ) (-896 -1024 1008 ) 
4 182 184 (-896 -1024 96 ) (-1024 -1024 96 ) (-1024 -240 96 ) (-896 -240 96 ) 
4 183 184 (-984 -240 32 ) (-984 -240 96 ) (-1024 -240 96 ) (-1024 -240 32 ) 
