PRT1
659
1104
4 0 1 (7168 1216 240 ) (7168 1216 400 ) (7168 1392 400 ) (7168 1392 240 ) 
4 1 2 (6144 1216 240 ) (6144 1216 400 ) (6144 1392 400 ) (6144 1392 240 ) 
4 2 3 (5120 1216 240 ) (5120 1216 400 ) (5120 1392 400 ) (5120 1392 240 ) 
4 3 4 (4096 1216 240 ) (4096 1216 400 ) (4096 1392 400 ) (4096 1392 240 ) 
4 4 5 (3072 1216 240 ) (3072 1216 400 ) (3072 1392 400 ) (3072 1392 240 ) 
4 5 25 (2048 1216 240 ) (2048 1216 400 ) (2048 1392 400 ) (2048 1392 240 ) 
4 6 7 (1344 2032 1960 ) (1344 1296 1960 ) (1104 1296 1960 ) (1104 2032 1960 ) 
4 7 11 (1344 2032 1840 ) (1344 1296 1840 ) (1104 1296 1840 ) (1104 2032 1840 ) 
4 7 8 (1152 1296 1840 ) (1280 1296 1840 ) (1280 1296 1960 ) (1152 1296 1960 ) 
4 8 9 (1152 1267 1960 ) (1152 1267 1840 ) (1280 1267 1840 ) (1280 1267 1960 ) 
4 9 10 (1152 1265 1960 ) (1152 1265 1840 ) (1280 1265 1840 ) (1280 1265 1960 ) 
4 10 15 (1152 1264 1840 ) (1280 1264 1840 ) (1280 1264 1960 ) (1152 1264 1960 ) 
4 11 19 (1344 1664 576 ) (1344 1296 576 ) (1104 1296 576 ) (1104 1664 576 ) 
4 11 18 (1344 2032 576 ) (1344 1664 576 ) (1104 1664 576 ) (1104 2032 576 ) 
4 11 12 (1104 1824 576 ) (1104 1664 576 ) (1104 1664 752 ) (1104 1824 752 ) 
4 12 13 (1088 1664 576 ) (1088 1664 752 ) (1088 1824 752 ) (1088 1824 576 ) 
4 13 32 (1024 1824 576 ) (1024 1664 576 ) (1024 1664 752 ) (1024 1824 752 ) 
4 14 33 (1024 1264 592 ) (1024 1264 752 ) (1024 1632 752 ) (1024 1632 592 ) 
4 14 16 (1024 1264 752 ) (1024 1264 592 ) (1072 1264 592 ) (1072 1264 752 ) 
4 15 274 (1024 1024 3056 ) (1024 1024 816 ) (1056 1024 816 ) (1056 1024 3056 ) 
4 15 252 (1056 1024 816 ) (1072 1024 816 ) (1072 1024 3056 ) (1056 1024 3056 ) 
4 15 195 (1072 1024 816 ) (1088 1024 816 ) (1088 1024 3056 ) (1072 1024 3056 ) 
4 15 187 (1088 1024 816 ) (1680 1024 816 ) (1680 1024 3056 ) (1088 1024 3056 ) 
4 15 173 (1680 1024 816 ) (2032 1024 816 ) (2032 1024 3056 ) (1680 1024 3056 ) 
4 15 30 (1024 1024 816 ) (1024 1024 3056 ) (1024 1264 3056 ) (1024 1264 816 ) 
4 16 33 (1024 1264 752 ) (1024 1264 592 ) (1024 1168 592 ) (1024 1168 752 ) 
4 17 275 (1024 1024 752 ) (1024 1024 592 ) (1056 1024 592 ) (1056 1024 752 ) 
4 17 253 (1056 1024 592 ) (1072 1024 592 ) (1072 1024 752 ) (1056 1024 752 ) 
4 17 215 (1072 1024 592 ) (1088 1024 592 ) (1088 1024 656 ) (1072 1024 656 ) 
4 17 196 (1088 1024 656 ) (1088 1024 752 ) (1072 1024 752 ) (1072 1024 656 ) 
4 17 188 (1088 1024 592 ) (1680 1024 592 ) (1680 1024 752 ) (1088 1024 752 ) 
4 17 42 (1024 1024 592 ) (1024 1024 752 ) (1024 1136 752 ) (1024 1136 592 ) 
4 18 20 (1104 1664 560 ) (1104 1664 432 ) (1344 1664 432 ) (1344 1664 560 ) 
4 18 19 (1344 1664 576 ) (1104 1664 576 ) (1104 1664 560 ) (1344 1664 560 ) 
4 19 22 (1344 1392 560 ) (1344 1296 560 ) (1104 1296 560 ) (1104 1392 560 ) 
4 19 20 (1104 1664 560 ) (1344 1664 560 ) (1344 1392 560 ) (1104 1392 560 ) 
4 20 22 (1344 1392 560 ) (1104 1392 560 ) (1104 1392 432 ) (1344 1392 432 ) 
4 21 54 (1024 1392 432 ) (1024 1392 544 ) (1024 1552 544 ) (1024 1552 432 ) 
4 21 52 (1024 1552 544 ) (1024 1632 544 ) (1024 1632 432 ) (1024 1552 432 ) 
4 21 48 (1024 1392 544 ) (1024 1392 560 ) (1024 1552 560 ) (1024 1552 544 ) 
4 21 47 (1024 1552 560 ) (1024 1616 560 ) (1024 1616 544 ) (1024 1552 544 ) 
4 21 46 (1024 1616 560 ) (1024 1632 560 ) (1024 1632 544 ) (1024 1616 544 ) 
4 21 24 (1072 1392 560 ) (1024 1392 560 ) (1024 1392 432 ) (1072 1392 432 ) 
4 22 23 (1104 1392 560 ) (1104 1392 432 ) (1104 1312 432 ) (1104 1312 560 ) 
4 23 24 (1072 1392 560 ) (1072 1392 432 ) (1072 1312 432 ) (1072 1312 560 ) 
4 24 286 (1024 1024 480 ) (1024 1024 432 ) (1056 1024 432 ) (1056 1024 480 ) 
4 24 281 (1056 1024 560 ) (1024 1024 560 ) (1024 1024 480 ) (1056 1024 480 ) 
4 24 260 (1072 1024 560 ) (1056 1024 560 ) (1056 1024 432 ) (1072 1024 432 ) 
4 24 65 (1024 1024 432 ) (1024 1024 544 ) (1024 1376 544 ) (1024 1376 432 ) 
4 24 55 (1024 1376 544 ) (1024 1392 544 ) (1024 1392 432 ) (1024 1376 432 ) 
4 24 48 (1024 1024 544 ) (1024 1024 560 ) (1024 1392 560 ) (1024 1392 544 ) 
4 25 71 (1024 1216 240 ) (1024 1216 400 ) (1024 1376 400 ) (1024 1376 240 ) 
4 25 56 (1024 1376 400 ) (1024 1392 400 ) (1024 1392 240 ) (1024 1376 240 ) 
4 26 27 (1056 1184 400 ) (1056 1184 16 ) (1056 1024 16 ) (1056 1024 400 ) 
4 27 287 (1056 1024 400 ) (1024 1024 400 ) (1024 1024 16 ) (1056 1024 16 ) 
4 27 75 (1024 1024 16 ) (1024 1024 400 ) (1024 1184 400 ) (1024 1184 16 ) 
4 28 91 (0 1312 9232 ) (0 1264 9232 ) (0 1264 10224 ) (0 1312 10224 ) 
4 28 84 (0 1440 9232 ) (0 1312 9232 ) (0 1312 10224 ) (0 1440 10224 ) 
4 28 80 (0 2032 10224 ) (0 2032 9232 ) (0 1440 9232 ) (0 1440 10224 ) 
4 28 29 (1008 1264 10224 ) (0 1264 10224 ) (0 1264 9232 ) (1008 1264 9232 ) 
4 29 91 (0 1264 10224 ) (0 1264 9232 ) (0 1040 9232 ) (0 1040 10224 ) 
4 30 295 (1024 1024 816 ) (1024 1024 3056 ) (736 1024 3056 ) (736 1024 816 ) 
4 30 41 (912 1056 816 ) (912 1104 816 ) (960 1104 816 ) (960 1056 816 ) 
4 31 341 (32 1024 1008 ) (32 1024 816 ) (48 1024 816 ) (48 1024 1008 ) 
4 31 339 (48 1024 816 ) (64 1024 816 ) (64 1024 1008 ) (48 1024 1008 ) 
4 31 336 (64 1024 816 ) (96 1024 816 ) (96 1024 1008 ) (64 1024 1008 ) 
4 31 321 (96 1024 816 ) (144 1024 816 ) (144 1024 1008 ) (96 1024 1008 ) 
4 31 311 (144 1024 816 ) (256 1024 816 ) (256 1024 1008 ) (144 1024 1008 ) 
4 31 307 (256 1024 816 ) (704 1024 816 ) (704 1024 1008 ) (256 1024 1008 ) 
4 32 81 (0 1824 752 ) (0 1824 576 ) (0 1664 576 ) (0 1664 752 ) 
4 32 40 (16 1664 576 ) (32 1664 576 ) (32 1664 752 ) (16 1664 752 ) 
4 32 39 (32 1664 576 ) (112 1664 576 ) (112 1664 752 ) (32 1664 752 ) 
4 33 34 (960 1632 752 ) (960 1632 592 ) (960 1168 592 ) (960 1168 752 ) 
4 34 36 (912 1264 592 ) (912 1168 592 ) (912 1168 752 ) (912 1264 752 ) 
4 34 35 (912 1632 752 ) (912 1632 592 ) (912 1264 592 ) (912 1264 752 ) 
4 35 37 (144 1264 752 ) (144 1264 592 ) (704 1264 592 ) (704 1264 752 ) 
4 35 36 (704 1264 592 ) (912 1264 592 ) (912 1264 752 ) (704 1264 752 ) 
4 36 38 (736 1168 592 ) (816 1168 592 ) (816 1168 752 ) (736 1168 752 ) 
4 36 37 (704 1264 752 ) (704 1264 592 ) (704 1168 592 ) (704 1168 752 ) 
4 38 43 (736 1136 576 ) (816 1136 576 ) (816 1136 752 ) (736 1136 752 ) 
4 39 44 (32 1136 576 ) (112 1136 576 ) (112 1136 752 ) (32 1136 752 ) 
4 39 40 (32 1664 752 ) (32 1664 576 ) (32 1344 576 ) (32 1344 752 ) 
4 41 42 (912 1056 752 ) (912 1104 752 ) (960 1104 752 ) (960 1056 752 ) 
4 42 350 (1024 1024 592 ) (1024 1024 608 ) (848 1024 608 ) (848 1024 592 ) 
4 42 296 (1024 1024 608 ) (1024 1024 752 ) (848 1024 752 ) (848 1024 608 ) 
4 43 45 (736 1056 576 ) (816 1056 576 ) (816 1056 752 ) (736 1056 752 ) 
4 43 44 (704 1136 752 ) (704 1136 576 ) (704 1056 576 ) (704 1056 752 ) 
4 45 351 (736 1024 608 ) (736 1024 576 ) (816 1024 576 ) (816 1024 608 ) 
4 45 297 (736 1024 752 ) (736 1024 608 ) (816 1024 608 ) (816 1024 752 ) 
4 46 52 (1024 1632 544 ) (1024 1616 544 ) (912 1616 544 ) (912 1632 544 ) 
4 46 47 (1024 1616 560 ) (912 1616 560 ) (912 1616 544 ) (1024 1616 544 ) 
4 47 52 (912 1616 544 ) (1024 1616 544 ) (1024 1552 544 ) (912 1552 544 ) 
4 47 48 (1024 1552 560 ) (912 1552 560 ) (912 1552 544 ) (1024 1552 544 ) 
4 48 353 (1024 1024 544 ) (1024 1024 560 ) (912 1024 560 ) (912 1024 544 ) 
4 48 65 (1024 1024 544 ) (912 1024 544 ) (912 1376 544 ) (1024 1376 544 ) 
4 48 55 (912 1376 544 ) (912 1392 544 ) (1024 1392 544 ) (1024 1376 544 ) 
4 48 54 (912 1392 544 ) (912 1552 544 ) (1024 1552 544 ) (1024 1392 544 ) 
4 49 57 (400 1424 544 ) (400 1632 544 ) (880 1632 544 ) (880 1424 544 ) 
4 50 62 (368 1632 544 ) (368 1456 544 ) (144 1456 544 ) (144 1632 544 ) 
4 50 51 (144 1456 544 ) (368 1456 544 ) (368 1456 576 ) (144 1456 576 ) 
4 51 62 (144 1456 544 ) (368 1456 544 ) (368 1424 544 ) (144 1424 544 ) 
4 52 54 (1024 1552 432 ) (1024 1552 544 ) (912 1552 544 ) (912 1552 432 ) 
4 52 53 (912 1552 432 ) (912 1552 544 ) (912 1616 544 ) (912 1616 432 ) 
4 53 57 (880 1552 432 ) (880 1552 544 ) (880 1616 544 ) (880 1616 432 ) 
4 54 55 (1024 1392 432 ) (1024 1392 544 ) (912 1392 544 ) (912 1392 432 ) 
4 55 65 (1024 1376 432 ) (1024 1376 544 ) (912 1376 544 ) (912 1376 432 ) 
4 56 71 (1024 1376 240 ) (1024 1376 400 ) (880 1376 400 ) (880 1376 240 ) 
4 56 64 (880 1376 240 ) (880 1376 400 ) (880 1392 400 ) (880 1392 240 ) 
4 57 61 (400 1456 240 ) (400 1424 240 ) (400 1424 400 ) (400 1456 400 ) 
4 57 60 (400 1600 240 ) (400 1456 240 ) (400 1456 400 ) (400 1600 400 ) 
4 57 59 (400 1456 432 ) (400 1456 544 ) (400 1600 544 ) (400 1600 432 ) 
4 57 58 (400 1632 400 ) (400 1632 240 ) (400 1600 240 ) (400 1600 400 ) 
4 58 63 (368 1632 400 ) (368 1632 240 ) (368 1600 240 ) (368 1600 400 ) 
4 58 60 (368 1600 400 ) (368 1600 240 ) (400 1600 240 ) (400 1600 400 ) 
4 59 62 (368 1456 432 ) (368 1456 544 ) (368 1600 544 ) (368 1600 432 ) 
4 60 63 (368 1456 240 ) (368 1456 400 ) (368 1600 400 ) (368 1600 240 ) 
4 60 61 (368 1456 400 ) (368 1456 240 ) (400 1456 240 ) (400 1456 400 ) 
4 61 63 (368 1424 240 ) (368 1424 400 ) (368 1456 400 ) (368 1456 240 ) 
4 62 98 (0 1504 544 ) (0 1600 544 ) (0 1600 432 ) (0 1504 432 ) 
4 63 133 (0 1424 240 ) (0 1424 272 ) (0 1632 272 ) (0 1632 240 ) 
4 63 100 (0 1424 272 ) (0 1424 400 ) (0 1504 400 ) (0 1504 272 ) 
4 63 99 (0 1504 400 ) (0 1600 400 ) (0 1600 272 ) (0 1504 272 ) 
4 63 97 (0 1600 400 ) (0 1632 400 ) (0 1632 272 ) (0 1600 272 ) 
4 64 134 (0 1376 240 ) (0 1376 272 ) (0 1392 272 ) (0 1392 240 ) 
4 64 106 (0 1376 272 ) (0 1376 400 ) (0 1392 400 ) (0 1392 272 ) 
4 64 71 (880 1376 240 ) (880 1376 400 ) (0 1376 400 ) (0 1376 240 ) 
4 65 353 (1024 1024 432 ) (1024 1024 544 ) (912 1024 544 ) (912 1024 432 ) 
4 66 354 (752 1024 528 ) (752 1024 432 ) (880 1024 432 ) (880 1024 528 ) 
4 66 72 (832 1024 432 ) (768 1024 432 ) (768 1088 432 ) (832 1088 432 ) 
4 66 67 (752 1376 528 ) (752 1376 432 ) (752 1072 432 ) (752 1072 528 ) 
4 67 68 (704 1376 432 ) (704 1072 432 ) (704 1072 528 ) (704 1376 528 ) 
4 68 69 (128 1248 432 ) (128 1184 432 ) (128 1184 528 ) (128 1248 528 ) 
4 69 70 (112 1248 432 ) (112 1184 432 ) (112 1184 528 ) (112 1248 528 ) 
4 70 115 (0 1088 432 ) (0 1072 432 ) (0 1072 528 ) (0 1088 528 ) 
4 70 112 (0 1168 432 ) (0 1088 432 ) (0 1088 528 ) (0 1168 528 ) 
4 70 109 (0 1184 432 ) (0 1168 432 ) (0 1168 528 ) (0 1184 528 ) 
4 70 108 (0 1216 432 ) (0 1184 432 ) (0 1184 528 ) (0 1216 528 ) 
4 70 107 (0 1376 528 ) (0 1376 432 ) (0 1216 432 ) (0 1216 528 ) 
4 71 134 (0 1216 240 ) (0 1216 272 ) (0 1376 272 ) (0 1376 240 ) 
4 71 110 (0 1216 272 ) (0 1216 400 ) (0 1376 400 ) (0 1376 272 ) 
4 72 73 (768 1024 420 ) (768 1088 420 ) (832 1088 420 ) (832 1024 420 ) 
4 73 74 (768 1024 412 ) (768 1088 412 ) (832 1088 412 ) (832 1024 412 ) 
4 74 75 (832 1088 400 ) (832 1024 400 ) (768 1024 400 ) (768 1088 400 ) 
4 75 430 (1024 1024 16 ) (1024 1024 236 ) (624 1024 236 ) (624 1024 16 ) 
4 75 365 (736 1024 400 ) (624 1024 400 ) (624 1024 236 ) (736 1024 236 ) 
4 75 356 (1024 1024 236 ) (1024 1024 400 ) (736 1024 400 ) (736 1024 236 ) 
4 75 76 (624 1184 368 ) (624 1184 272 ) (624 1104 272 ) (624 1104 368 ) 
4 76 78 (592 1168 272 ) (592 1104 272 ) (592 1104 368 ) (592 1168 368 ) 
4 76 77 (592 1184 368 ) (592 1184 272 ) (592 1168 272 ) (592 1168 368 ) 
4 77 111 (0 1168 400 ) (0 1184 400 ) (0 1184 272 ) (0 1168 272 ) 
4 77 79 (0 1184 272 ) (592 1184 272 ) (592 1168 272 ) (0 1168 272 ) 
4 77 78 (0 1168 272 ) (592 1168 272 ) (592 1168 400 ) (0 1168 400 ) 
4 78 378 (592 1024 272 ) (592 1024 400 ) (0 1024 400 ) (0 1024 272 ) 
4 78 117 (0 1024 272 ) (0 1024 400 ) (0 1072 400 ) (0 1072 272 ) 
4 78 116 (0 1072 400 ) (0 1088 400 ) (0 1088 272 ) (0 1072 272 ) 
4 78 114 (0 1088 400 ) (0 1168 400 ) (0 1168 272 ) (0 1088 272 ) 
4 78 79 (592 1168 272 ) (592 1024 272 ) (0 1024 272 ) (0 1168 272 ) 
4 79 380 (592 1024 240 ) (592 1024 272 ) (0 1024 272 ) (0 1024 240 ) 
4 79 135 (0 1024 240 ) (0 1024 272 ) (0 1184 272 ) (0 1184 240 ) 
4 80 87 (-704 1440 9232 ) (-704 1440 10224 ) (-704 2032 10224 ) (-704 2032 9232 ) 
4 80 84 (-704 1440 10224 ) (-704 1440 9232 ) (0 1440 9232 ) (0 1440 10224 ) 
4 80 82 (-16 1616 9232 ) (-16 1488 9232 ) (-496 1488 9232 ) (-496 1616 9232 ) 
4 81 83 (-544 1664 576 ) (-544 1664 672 ) (-544 1824 672 ) (-544 1824 576 ) 
4 82 102 (-16 1488 544 ) (-496 1488 544 ) (-496 1616 544 ) (-16 1616 544 ) 
4 83 86 (-704 1440 672 ) (-704 1440 576 ) (-544 1440 576 ) (-544 1440 672 ) 
4 84 93 (-352 1312 10224 ) (-704 1312 10224 ) (-704 1312 9232 ) (-352 1312 9232 ) 
4 84 91 (0 1312 9232 ) (0 1312 10224 ) (-352 1312 10224 ) (-352 1312 9232 ) 
4 84 87 (-704 1312 9232 ) (-704 1312 10224 ) (-704 1440 10224 ) (-704 1440 9232 ) 
4 85 92 (-64 1312 576 ) (-64 1312 736 ) (-352 1312 736 ) (-352 1312 576 ) 
4 85 86 (-544 1312 576 ) (-544 1312 736 ) (-544 1440 736 ) (-544 1440 576 ) 
4 86 88 (-704 1424 720 ) (-704 1424 576 ) (-704 1328 576 ) (-704 1328 720 ) 
4 87 93 (-704 1312 9232 ) (-704 1312 10224 ) (-1008 1312 10224 ) (-1008 1312 9232 ) 
4 88 89 (-736 1424 576 ) (-736 1328 576 ) (-736 1328 720 ) (-736 1424 720 ) 
4 89 140 (-1024 1440 576 ) (-1024 1312 576 ) (-1024 1312 752 ) (-1024 1440 752 ) 
4 89 94 (-1024 1312 752 ) (-1024 1312 576 ) (-736 1312 576 ) (-736 1312 752 ) 
4 89 90 (-736 1440 576 ) (-736 1312 576 ) (-1024 1312 576 ) (-1024 1440 576 ) 
4 90 140 (-1024 1440 544 ) (-1024 1312 544 ) (-1024 1312 576 ) (-1024 1440 576 ) 
4 90 131 (-1024 1312 544 ) (-1024 1440 544 ) (-1008 1440 544 ) (-1008 1312 544 ) 
4 90 126 (-1008 1440 544 ) (-736 1440 544 ) (-736 1312 544 ) (-1008 1312 544 ) 
4 90 94 (-1024 1312 544 ) (-736 1312 544 ) (-736 1312 576 ) (-1024 1312 576 ) 
4 91 93 (-352 1312 10224 ) (-352 1312 9232 ) (-352 1040 9232 ) (-352 1040 10224 ) 
4 92 536 (0 1024 576 ) (0 1024 608 ) (-352 1024 608 ) (-352 1024 576 ) 
4 92 522 (0 1024 608 ) (0 1024 648 ) (-352 1024 648 ) (-352 1024 608 ) 
4 92 486 (0 1024 648 ) (0 1024 736 ) (-352 1024 736 ) (-352 1024 648 ) 
4 94 140 (-1024 1312 752 ) (-1024 1312 544 ) (-1024 1296 544 ) (-1024 1296 752 ) 
4 94 131 (-1024 1296 544 ) (-1024 1312 544 ) (-1008 1312 544 ) (-1008 1296 544 ) 
4 94 126 (-1008 1312 544 ) (-736 1312 544 ) (-736 1296 544 ) (-1008 1296 544 ) 
4 95 154 (-1024 1040 560 ) (-1024 1040 752 ) (-1024 1184 752 ) (-1024 1184 560 ) 
4 95 141 (-1024 1184 752 ) (-1024 1264 752 ) (-1024 1264 560 ) (-1024 1184 560 ) 
4 95 96 (-432 1040 608 ) (-1024 1040 608 ) (-1024 1040 560 ) (-432 1040 560 ) 
4 96 583 (-1024 1024 608 ) (-1024 1024 560 ) (-1008 1024 560 ) (-1008 1024 608 ) 
4 96 552 (-1008 1024 560 ) (-432 1024 560 ) (-432 1024 608 ) (-1008 1024 608 ) 
4 97 133 (0 1632 272 ) (0 1600 272 ) (-16 1600 272 ) (-16 1632 272 ) 
4 97 103 (-16 1616 272 ) (-16 1600 272 ) (-16 1600 400 ) (-16 1616 400 ) 
4 97 101 (-16 1632 272 ) (-16 1616 272 ) (-16 1616 400 ) (-16 1632 400 ) 
4 97 99 (-16 1600 400 ) (-16 1600 272 ) (0 1600 272 ) (0 1600 400 ) 
4 98 102 (-16 1504 432 ) (-16 1504 544 ) (-16 1600 544 ) (-16 1600 432 ) 
4 99 133 (0 1600 272 ) (0 1504 272 ) (-16 1504 272 ) (-16 1600 272 ) 
4 99 103 (-16 1600 272 ) (-16 1504 272 ) (-16 1504 400 ) (-16 1600 400 ) 
4 99 100 (-16 1504 400 ) (-16 1504 272 ) (0 1504 272 ) (0 1504 400 ) 
4 100 133 (0 1504 272 ) (0 1424 272 ) (-16 1424 272 ) (-16 1504 272 ) 
4 100 104 (-16 1488 272 ) (-16 1424 272 ) (-16 1424 400 ) (-16 1488 400 ) 
4 100 103 (-16 1504 272 ) (-16 1488 272 ) (-16 1488 400 ) (-16 1504 400 ) 
4 101 133 (-16 1632 272 ) (-16 1616 272 ) (-496 1616 272 ) (-496 1632 272 ) 
4 101 105 (-496 1632 400 ) (-496 1632 272 ) (-496 1616 272 ) (-496 1616 400 ) 
4 101 103 (-496 1616 400 ) (-496 1616 272 ) (-16 1616 272 ) (-16 1616 400 ) 
4 103 133 (-16 1616 272 ) (-16 1488 272 ) (-496 1488 272 ) (-496 1616 272 ) 
4 103 105 (-496 1616 272 ) (-496 1488 272 ) (-496 1488 400 ) (-496 1616 400 ) 
4 103 104 (-496 1488 400 ) (-496 1488 272 ) (-16 1488 272 ) (-16 1488 400 ) 
4 104 133 (-16 1488 272 ) (-16 1424 272 ) (-496 1424 272 ) (-496 1488 272 ) 
4 104 105 (-496 1488 272 ) (-496 1424 272 ) (-496 1424 400 ) (-496 1488 400 ) 
4 105 136 (-736 1424 272 ) (-736 1632 272 ) (-560 1632 272 ) (-560 1424 272 ) 
4 105 133 (-560 1632 272 ) (-496 1632 272 ) (-496 1424 272 ) (-560 1424 272 ) 
4 105 129 (-736 1440 272 ) (-736 1424 272 ) (-736 1424 400 ) (-736 1440 400 ) 
4 105 128 (-736 1632 272 ) (-736 1440 272 ) (-736 1440 400 ) (-736 1632 400 ) 
4 106 134 (0 1392 272 ) (0 1376 272 ) (-400 1376 272 ) (-400 1392 272 ) 
4 106 118 (-400 1392 400 ) (-400 1392 272 ) (-400 1376 272 ) (-400 1376 400 ) 
4 106 110 (-400 1376 400 ) (-400 1376 272 ) (0 1376 272 ) (0 1376 400 ) 
4 107 108 (0 1216 528 ) (-368 1216 528 ) (-368 1216 432 ) (0 1216 432 ) 
4 108 109 (0 1184 528 ) (-368 1184 528 ) (-368 1184 432 ) (0 1184 432 ) 
4 109 112 (0 1168 432 ) (0 1168 528 ) (-368 1168 528 ) (-368 1168 432 ) 
4 110 134 (0 1376 272 ) (0 1216 272 ) (-400 1216 272 ) (-400 1376 272 ) 
4 110 118 (-400 1376 272 ) (-400 1216 272 ) (-400 1216 400 ) (-400 1376 400 ) 
4 111 135 (0 1184 272 ) (0 1168 272 ) (-400 1168 272 ) (-400 1184 272 ) 
4 111 123 (-400 1184 272 ) (-400 1168 272 ) (-400 1168 400 ) (-400 1184 400 ) 
4 111 114 (-400 1168 400 ) (-400 1168 272 ) (0 1168 272 ) (0 1168 400 ) 
4 112 115 (-368 1088 432 ) (0 1088 432 ) (0 1088 528 ) (-368 1088 528 ) 
4 112 113 (-368 1168 432 ) (-368 1088 432 ) (-368 1088 528 ) (-368 1168 528 ) 
4 113 120 (-400 1088 432 ) (-400 1088 528 ) (-400 1168 528 ) (-400 1168 432 ) 
4 114 135 (0 1168 272 ) (0 1088 272 ) (-400 1088 272 ) (-400 1168 272 ) 
4 114 124 (-400 1168 272 ) (-400 1088 272 ) (-400 1088 400 ) (-400 1168 400 ) 
4 114 116 (-400 1088 400 ) (-400 1088 272 ) (0 1088 272 ) (0 1088 400 ) 
4 116 135 (0 1088 272 ) (0 1072 272 ) (-400 1072 272 ) (-400 1088 272 ) 
4 116 124 (-400 1088 272 ) (-400 1072 272 ) (-400 1072 400 ) (-400 1088 400 ) 
4 116 117 (-400 1072 400 ) (-400 1072 272 ) (0 1072 272 ) (0 1072 400 ) 
4 117 557 (-384 1024 400 ) (-400 1024 400 ) (-400 1024 272 ) (-384 1024 272 ) 
4 117 539 (0 1024 272 ) (0 1024 400 ) (-384 1024 400 ) (-384 1024 272 ) 
4 117 135 (0 1072 272 ) (0 1024 272 ) (-400 1024 272 ) (-400 1072 272 ) 
4 117 124 (-400 1072 272 ) (-400 1024 272 ) (-400 1024 400 ) (-400 1072 400 ) 
4 118 134 (-560 1392 272 ) (-400 1392 272 ) (-400 1216 272 ) (-560 1216 272 ) 
4 118 119 (-560 1392 400 ) (-560 1392 272 ) (-560 1216 272 ) (-560 1216 400 ) 
4 119 137 (-736 1184 272 ) (-736 1392 272 ) (-560 1392 272 ) (-560 1184 272 ) 
4 119 125 (-736 1184 400 ) (-736 1184 272 ) (-560 1184 272 ) (-560 1184 400 ) 
4 120 556 (-400 1024 432 ) (-400 1024 448 ) (-528 1024 448 ) (-528 1024 432 ) 
4 120 553 (-432 1024 528 ) (-528 1024 528 ) (-528 1024 448 ) (-432 1024 448 ) 
4 120 551 (-400 1024 448 ) (-400 1024 528 ) (-432 1024 528 ) (-432 1024 448 ) 
4 120 121 (-528 1024 432 ) (-528 1024 528 ) (-528 1184 528 ) (-528 1184 432 ) 
4 121 558 (-528 1024 432 ) (-528 1024 448 ) (-560 1024 448 ) (-560 1024 432 ) 
4 121 553 (-528 1024 448 ) (-528 1024 528 ) (-560 1024 528 ) (-560 1024 448 ) 
4 121 122 (-560 1024 432 ) (-560 1024 528 ) (-560 1184 528 ) (-560 1184 432 ) 
4 122 561 (-736 1024 448 ) (-736 1024 432 ) (-560 1024 432 ) (-560 1024 448 ) 
4 122 553 (-736 1024 528 ) (-736 1024 448 ) (-560 1024 448 ) (-560 1024 528 ) 
4 122 127 (-736 1024 432 ) (-736 1024 528 ) (-736 1184 528 ) (-736 1184 432 ) 
4 123 135 (-528 1168 272 ) (-528 1184 272 ) (-400 1184 272 ) (-400 1168 272 ) 
4 123 124 (-528 1168 400 ) (-528 1168 272 ) (-400 1168 272 ) (-400 1168 400 ) 
4 124 557 (-528 1024 272 ) (-400 1024 272 ) (-400 1024 400 ) (-528 1024 400 ) 
4 124 135 (-400 1024 272 ) (-528 1024 272 ) (-528 1168 272 ) (-400 1168 272 ) 
4 125 564 (-736 1024 400 ) (-736 1024 272 ) (-560 1024 272 ) (-560 1024 400 ) 
4 125 137 (-560 1024 272 ) (-736 1024 272 ) (-736 1184 272 ) (-560 1184 272 ) 
4 126 131 (-1008 1296 544 ) (-1008 1440 544 ) (-1008 1440 432 ) (-1008 1296 432 ) 
4 127 563 (-1008 1024 448 ) (-1008 1024 432 ) (-768 1024 432 ) (-768 1024 448 ) 
4 127 562 (-768 1024 432 ) (-736 1024 432 ) (-736 1024 448 ) (-768 1024 448 ) 
4 127 553 (-1008 1024 528 ) (-1008 1024 448 ) (-736 1024 448 ) (-736 1024 528 ) 
4 127 132 (-1008 1088 528 ) (-1008 1152 528 ) (-1008 1152 432 ) (-1008 1088 432 ) 
4 128 138 (-736 1632 272 ) (-736 1440 272 ) (-768 1440 272 ) (-768 1632 272 ) 
4 128 130 (-768 1632 400 ) (-768 1632 272 ) (-768 1440 272 ) (-768 1440 400 ) 
4 128 129 (-768 1440 400 ) (-768 1440 272 ) (-736 1440 272 ) (-736 1440 400 ) 
4 129 138 (-736 1440 272 ) (-736 1424 272 ) (-768 1424 272 ) (-768 1440 272 ) 
4 129 130 (-768 1440 400 ) (-768 1440 272 ) (-768 1424 272 ) (-768 1424 400 ) 
4 130 565 (-1008 1024 400 ) (-1008 1024 272 ) (-768 1024 272 ) (-768 1024 400 ) 
4 130 139 (-768 1024 272 ) (-1008 1024 272 ) (-1008 1632 272 ) (-768 1632 272 ) 
4 131 140 (-1024 1296 544 ) (-1024 1440 544 ) (-1024 1440 432 ) (-1024 1296 432 ) 
4 132 155 (-1024 1152 528 ) (-1024 1152 432 ) (-1024 1088 432 ) (-1024 1088 528 ) 
4 133 136 (-560 1424 240 ) (-560 1424 272 ) (-560 1632 272 ) (-560 1632 240 ) 
4 134 137 (-560 1216 240 ) (-560 1216 272 ) (-560 1392 272 ) (-560 1392 240 ) 
4 135 584 (0 1024 240 ) (0 1024 272 ) (-528 1024 272 ) (-528 1024 240 ) 
4 136 138 (-736 1632 272 ) (-736 1632 240 ) (-736 1424 240 ) (-736 1424 272 ) 
4 137 590 (-560 1024 240 ) (-560 1024 272 ) (-736 1024 272 ) (-736 1024 240 ) 
4 138 139 (-768 1632 272 ) (-768 1632 240 ) (-768 1424 240 ) (-768 1424 272 ) 
4 139 595 (-768 1024 240 ) (-768 1024 272 ) (-1008 1024 272 ) (-1008 1024 240 ) 
4 140 142 (-1120 1440 528 ) (-1120 1440 432 ) (-1120 1296 432 ) (-1120 1296 528 ) 
4 141 154 (-1024 1184 560 ) (-1024 1184 752 ) (-1120 1184 752 ) (-1120 1184 560 ) 
4 142 144 (-1152 1440 528 ) (-1152 1440 432 ) (-1152 1296 432 ) (-1152 1296 528 ) 
4 143 149 (-1872 1296 752 ) (-1872 1312 752 ) (-1872 1312 560 ) (-1872 1296 560 ) 
4 143 147 (-1872 1312 752 ) (-1872 1424 752 ) (-1872 1424 560 ) (-1872 1312 560 ) 
4 143 146 (-1872 1424 752 ) (-1872 1440 752 ) (-1872 1440 560 ) (-1872 1424 560 ) 
4 143 145 (-1152 1296 560 ) (-1152 1296 752 ) (-1872 1296 752 ) (-1872 1296 560 ) 
4 144 148 (-1872 1424 432 ) (-1872 1312 432 ) (-1872 1312 528 ) (-1872 1424 528 ) 
4 145 159 (-1872 1184 752 ) (-1872 1184 560 ) (-1152 1184 560 ) (-1152 1184 752 ) 
4 145 149 (-1872 1184 560 ) (-1872 1184 752 ) (-1872 1296 752 ) (-1872 1296 560 ) 
4 146 151 (-1888 1424 560 ) (-1888 1424 752 ) (-1888 1440 752 ) (-1888 1440 560 ) 
4 146 147 (-1888 1424 752 ) (-1888 1424 560 ) (-1872 1424 560 ) (-1872 1424 752 ) 
4 147 151 (-1888 1312 560 ) (-1888 1312 752 ) (-1888 1424 752 ) (-1888 1424 560 ) 
4 147 149 (-1888 1312 752 ) (-1888 1312 560 ) (-1872 1312 560 ) (-1872 1312 752 ) 
4 148 152 (-1888 1312 432 ) (-1888 1312 528 ) (-1888 1424 528 ) (-1888 1424 432 ) 
4 149 159 (-1872 1184 560 ) (-1872 1184 752 ) (-1888 1184 752 ) (-1888 1184 560 ) 
4 149 151 (-1888 1184 560 ) (-1888 1184 752 ) (-1888 1312 752 ) (-1888 1312 560 ) 
4 150 152 (-2032 1440 528 ) (-2032 1440 432 ) (-1888 1440 432 ) (-1888 1440 528 ) 
4 151 159 (-1888 1184 560 ) (-1888 1184 752 ) (-2032 1184 752 ) (-2032 1184 560 ) 
4 151 153 (-2032 1184 560 ) (-2032 1184 752 ) (-2032 1440 752 ) (-2032 1440 560 ) 
4 152 160 (-1888 1184 432 ) (-1888 1184 528 ) (-2032 1184 528 ) (-2032 1184 432 ) 
4 153 164 (-2048 1184 560 ) (-2048 1184 752 ) (-2048 1440 752 ) (-2048 1440 560 ) 
4 153 162 (-2032 1184 560 ) (-2032 1184 752 ) (-2048 1184 752 ) (-2048 1184 560 ) 
4 154 156 (-1120 1184 624 ) (-1120 1184 560 ) (-1120 1104 560 ) (-1120 1104 624 ) 
4 155 158 (-1120 1104 432 ) (-1120 1040 432 ) (-1120 1040 528 ) (-1120 1104 528 ) 
4 155 157 (-1120 1184 528 ) (-1120 1184 432 ) (-1120 1104 432 ) (-1120 1104 528 ) 
4 156 159 (-1152 1184 624 ) (-1152 1184 560 ) (-1152 1104 560 ) (-1152 1104 624 ) 
4 157 160 (-1152 1184 528 ) (-1152 1184 432 ) (-1152 1104 432 ) (-1152 1104 528 ) 
4 157 158 (-1152 1104 528 ) (-1152 1104 432 ) (-1120 1104 432 ) (-1120 1104 528 ) 
4 158 161 (-1152 1040 432 ) (-1152 1040 528 ) (-1152 1056 528 ) (-1152 1056 432 ) 
4 158 160 (-1152 1056 528 ) (-1152 1104 528 ) (-1152 1104 432 ) (-1152 1056 432 ) 
4 159 162 (-2032 1184 752 ) (-2032 1184 560 ) (-2032 1056 560 ) (-2032 1056 752 ) 
4 160 161 (-2032 1056 528 ) (-2032 1056 432 ) (-1152 1056 432 ) (-1152 1056 528 ) 
4 161 163 (-1760 1040 520 ) (-2000 1040 520 ) (-2000 1040 456 ) (-1760 1040 456 ) 
4 162 164 (-2048 1056 560 ) (-2048 1056 752 ) (-2048 1184 752 ) (-2048 1184 560 ) 
4 163 605 (-1760 1024 520 ) (-2000 1024 520 ) (-2000 1024 456 ) (-1760 1024 456 ) 
4 164 165 (-2920 1056 624 ) (-2920 1056 560 ) (-2872 1056 560 ) (-2872 1056 624 ) 
4 165 166 (-2872 1040 560 ) (-2872 1040 624 ) (-2920 1040 624 ) (-2920 1040 560 ) 
4 166 657 (-2872 1024 544 ) (-2872 1024 624 ) (-2920 1024 624 ) (-2920 1024 544 ) 
4 167 181 (2048 976 72 ) (2048 352 72 ) (2048 352 384 ) (2048 976 384 ) 
4 167 180 (2048 352 384 ) (2048 352 400 ) (2048 384 400 ) (2048 384 384 ) 
4 167 179 (2048 384 400 ) (2048 560 400 ) (2048 560 384 ) (2048 384 384 ) 
4 167 177 (2048 560 400 ) (2048 768 400 ) (2048 768 384 ) (2048 560 384 ) 
4 167 176 (2048 768 400 ) (2048 864 400 ) (2048 864 384 ) (2048 768 384 ) 
4 167 175 (2048 864 400 ) (2048 928 400 ) (2048 928 384 ) (2048 864 384 ) 
4 167 174 (2048 928 400 ) (2048 976 400 ) (2048 976 384 ) (2048 928 384 ) 
4 167 170 (2496 688 72 ) (2496 592 72 ) (2384 592 72 ) (2384 688 72 ) 
4 167 169 (2384 976 72 ) (2496 976 72 ) (2496 688 72 ) (2384 688 72 ) 
4 167 171 (2496 592 72 ) (2496 352 72 ) (2384 352 72 ) (2384 592 72 ) 
4 167 168 (2496 976 72 ) (3056 976 72 ) (3056 352 72 ) (2496 352 72 ) 
4 167 172 (2048 352 72 ) (2048 976 72 ) (2384 976 72 ) (2384 352 72 ) 
4 168 170 (2496 688 16 ) (2496 592 16 ) (2496 592 72 ) (2496 688 72 ) 
4 168 169 (2496 976 72 ) (2496 976 16 ) (2496 688 16 ) (2496 688 72 ) 
4 168 171 (2496 592 16 ) (2496 352 16 ) (2496 352 72 ) (2496 592 72 ) 
4 169 172 (2384 976 72 ) (2384 976 16 ) (2384 688 16 ) (2384 688 72 ) 
4 169 170 (2384 688 72 ) (2384 688 16 ) (2496 688 16 ) (2496 688 72 ) 
4 170 171 (2384 592 72 ) (2384 592 16 ) (2496 592 16 ) (2496 592 72 ) 
4 170 172 (2384 688 16 ) (2384 592 16 ) (2384 592 72 ) (2384 688 72 ) 
4 171 172 (2384 592 16 ) (2384 352 16 ) (2384 352 72 ) (2384 592 72 ) 
4 172 181 (2048 352 16 ) (2048 352 72 ) (2048 976 72 ) (2048 976 16 ) 
4 173 187 (1680 1024 3056 ) (1680 1024 816 ) (1680 560 816 ) (1680 560 3056 ) 
4 173 178 (1680 560 3056 ) (1680 560 816 ) (2032 560 816 ) (2032 560 3056 ) 
4 174 181 (1712 976 384 ) (2048 976 384 ) (2048 928 384 ) (1712 928 384 ) 
4 174 175 (1712 928 384 ) (2048 928 384 ) (2048 928 400 ) (1712 928 400 ) 
4 175 181 (1712 928 384 ) (2048 928 384 ) (2048 864 384 ) (1712 864 384 ) 
4 175 176 (1712 864 384 ) (2048 864 384 ) (2048 864 400 ) (1712 864 400 ) 
4 176 181 (1712 864 384 ) (2048 864 384 ) (2048 768 384 ) (1712 768 384 ) 
4 176 177 (1712 768 384 ) (2048 768 384 ) (2048 768 400 ) (1712 768 400 ) 
4 177 181 (1712 768 384 ) (2048 768 384 ) (2048 560 384 ) (1712 560 384 ) 
4 177 179 (1712 560 384 ) (2048 560 384 ) (2048 560 400 ) (1712 560 400 ) 
4 178 445 (1680 0 3056 ) (1680 0 816 ) (2032 0 816 ) (2032 0 3056 ) 
4 178 187 (1680 0 816 ) (1680 0 3056 ) (1680 560 3056 ) (1680 560 816 ) 
4 179 181 (1712 560 384 ) (2048 560 384 ) (2048 384 384 ) (1712 384 384 ) 
4 179 180 (1712 384 384 ) (2048 384 384 ) (2048 384 400 ) (1712 384 400 ) 
4 180 181 (1712 352 384 ) (1712 384 384 ) (2048 384 384 ) (2048 352 384 ) 
4 181 186 (1712 928 240 ) (1712 864 240 ) (1712 864 288 ) (1712 928 288 ) 
4 181 185 (1712 384 384 ) (1712 448 384 ) (1712 448 288 ) (1712 384 288 ) 
4 181 183 (1712 704 384 ) (1712 768 384 ) (1712 768 288 ) (1712 704 288 ) 
4 181 184 (1712 560 384 ) (1712 624 384 ) (1712 624 288 ) (1712 560 288 ) 
4 181 182 (1712 864 384 ) (1712 928 384 ) (1712 928 288 ) (1712 864 288 ) 
4 182 189 (1680 928 288 ) (1680 864 288 ) (1680 864 384 ) (1680 928 384 ) 
4 182 186 (1680 864 288 ) (1680 928 288 ) (1712 928 288 ) (1712 864 288 ) 
4 183 189 (1680 768 288 ) (1680 704 288 ) (1680 704 384 ) (1680 768 384 ) 
4 184 189 (1680 624 288 ) (1680 560 288 ) (1680 560 384 ) (1680 624 384 ) 
4 185 189 (1680 448 288 ) (1680 384 288 ) (1680 384 384 ) (1680 448 384 ) 
4 186 189 (1680 928 240 ) (1680 864 240 ) (1680 864 288 ) (1680 928 288 ) 
4 187 445 (1680 0 816 ) (1680 0 3056 ) (1088 0 3056 ) (1088 0 816 ) 
4 187 195 (1088 0 816 ) (1088 0 3056 ) (1088 1024 3056 ) (1088 1024 816 ) 
4 187 189 (1088 32 816 ) (1088 976 816 ) (1680 976 816 ) (1680 32 816 ) 
4 188 215 (1088 1024 656 ) (1088 1024 592 ) (1088 1008 592 ) (1088 1008 656 ) 
4 188 196 (1088 1024 752 ) (1088 1024 656 ) (1088 1008 656 ) (1088 1008 752 ) 
4 189 251 (1088 144 240 ) (1088 80 240 ) (1088 80 288 ) (1088 144 288 ) 
4 189 249 (1088 144 288 ) (1088 80 288 ) (1088 80 384 ) (1088 144 384 ) 
4 189 246 (1088 304 288 ) (1088 240 288 ) (1088 240 384 ) (1088 304 384 ) 
4 189 243 (1088 448 288 ) (1088 384 288 ) (1088 384 384 ) (1088 448 384 ) 
4 189 240 (1088 624 288 ) (1088 560 288 ) (1088 560 384 ) (1088 624 384 ) 
4 189 237 (1088 768 288 ) (1088 704 288 ) (1088 704 384 ) (1088 768 384 ) 
4 189 234 (1088 928 288 ) (1088 864 288 ) (1088 864 384 ) (1088 928 384 ) 
4 189 231 (1088 144 480 ) (1088 80 480 ) (1088 80 576 ) (1088 144 576 ) 
4 189 228 (1088 304 480 ) (1088 240 480 ) (1088 240 576 ) (1088 304 576 ) 
4 189 225 (1088 448 480 ) (1088 384 480 ) (1088 384 576 ) (1088 448 576 ) 
4 189 222 (1088 624 480 ) (1088 560 480 ) (1088 560 576 ) (1088 624 576 ) 
4 189 219 (1088 768 480 ) (1088 704 480 ) (1088 704 576 ) (1088 768 576 ) 
4 189 216 (1088 928 480 ) (1088 864 480 ) (1088 864 576 ) (1088 928 576 ) 
4 189 212 (1088 144 656 ) (1088 80 656 ) (1088 80 752 ) (1088 144 752 ) 
4 189 209 (1088 304 656 ) (1088 240 656 ) (1088 240 752 ) (1088 304 752 ) 
4 189 206 (1088 448 656 ) (1088 384 656 ) (1088 384 752 ) (1088 448 752 ) 
4 189 203 (1088 624 656 ) (1088 560 656 ) (1088 560 752 ) (1088 624 752 ) 
4 189 200 (1088 768 656 ) (1088 704 656 ) (1088 704 752 ) (1088 768 752 ) 
4 189 197 (1088 928 656 ) (1088 864 656 ) (1088 864 752 ) (1088 928 752 ) 
4 189 194 (1088 560 240 ) (1088 624 240 ) (1128 624 240 ) (1128 560 240 ) 
4 189 193 (1088 864 240 ) (1088 928 240 ) (1128 928 240 ) (1128 864 240 ) 
4 189 192 (1384 880 240 ) (1515.880005 744 240 ) (1384 608 240 ) (1252.120117 744 240 ) 
4 189 191 (1680 624 240 ) (1680 560 240 ) (1640 560 240 ) (1640 624 240 ) 
4 189 190 (1680 928 240 ) (1680 864 240 ) (1640 864 240 ) (1640 928 240 ) 
4 193 250 (1088 928 144 ) (1088 928 80 ) (1088 864 80 ) (1088 864 144 ) 
4 195 445 (1088 0 816 ) (1088 0 3056 ) (1072 0 3056 ) (1072 0 816 ) 
4 195 252 (1072 1024 3056 ) (1072 1024 816 ) (1072 0 816 ) (1072 0 3056 ) 
4 196 253 (1072 1024 752 ) (1072 1024 656 ) (1072 1008 656 ) (1072 1008 752 ) 
4 196 215 (1072 1008 656 ) (1072 1024 656 ) (1088 1024 656 ) (1088 1008 656 ) 
4 197 198 (1087 928 752 ) (1087 928 656 ) (1087 864 656 ) (1087 864 752 ) 
4 198 199 (1085 928 752 ) (1085 928 656 ) (1085 864 656 ) (1085 864 752 ) 
4 199 254 (1072 928 656 ) (1072 864 656 ) (1072 864 752 ) (1072 928 752 ) 
4 200 201 (1087 768 752 ) (1087 768 656 ) (1087 704 656 ) (1087 704 752 ) 
4 201 202 (1085 768 752 ) (1085 768 656 ) (1085 704 656 ) (1085 704 752 ) 
4 202 254 (1072 768 656 ) (1072 704 656 ) (1072 704 752 ) (1072 768 752 ) 
4 203 204 (1087 624 752 ) (1087 624 656 ) (1087 560 656 ) (1087 560 752 ) 
4 204 205 (1085 624 752 ) (1085 624 656 ) (1085 560 656 ) (1085 560 752 ) 
4 205 255 (1072 624 656 ) (1072 560 656 ) (1072 560 752 ) (1072 624 752 ) 
4 206 207 (1087 448 752 ) (1087 448 656 ) (1087 384 656 ) (1087 384 752 ) 
4 207 208 (1085 448 752 ) (1085 448 656 ) (1085 384 656 ) (1085 384 752 ) 
4 208 256 (1072 448 656 ) (1072 384 656 ) (1072 384 752 ) (1072 448 752 ) 
4 209 210 (1087 304 752 ) (1087 304 656 ) (1087 240 656 ) (1087 240 752 ) 
4 210 211 (1085 304 752 ) (1085 304 656 ) (1085 240 656 ) (1085 240 752 ) 
4 211 257 (1072 304 656 ) (1072 240 656 ) (1072 240 752 ) (1072 304 752 ) 
4 212 213 (1087 144 752 ) (1087 144 656 ) (1087 80 656 ) (1087 80 752 ) 
4 213 214 (1085 144 752 ) (1085 144 656 ) (1085 80 656 ) (1085 80 752 ) 
4 214 258 (1072 144 656 ) (1072 80 656 ) (1072 80 752 ) (1072 144 752 ) 
4 215 253 (1072 1024 656 ) (1072 1024 592 ) (1072 1008 592 ) (1072 1008 656 ) 
4 216 217 (1087 928 576 ) (1087 928 480 ) (1087 864 480 ) (1087 864 576 ) 
4 217 218 (1085 928 576 ) (1085 928 480 ) (1085 864 480 ) (1085 864 576 ) 
4 218 260 (1072 928 480 ) (1072 864 480 ) (1072 864 560 ) (1072 928 560 ) 
4 219 220 (1087 768 576 ) (1087 768 480 ) (1087 704 480 ) (1087 704 576 ) 
4 220 221 (1085 768 576 ) (1085 768 480 ) (1085 704 480 ) (1085 704 576 ) 
4 221 260 (1072 768 480 ) (1072 704 480 ) (1072 704 560 ) (1072 768 560 ) 
4 222 223 (1087 624 576 ) (1087 624 480 ) (1087 560 480 ) (1087 560 576 ) 
4 223 224 (1085 624 576 ) (1085 624 480 ) (1085 560 480 ) (1085 560 576 ) 
4 224 261 (1072 624 480 ) (1072 560 480 ) (1072 560 576 ) (1072 624 576 ) 
4 225 226 (1087 448 576 ) (1087 448 480 ) (1087 384 480 ) (1087 384 576 ) 
4 226 227 (1085 448 576 ) (1085 448 480 ) (1085 384 480 ) (1085 384 576 ) 
4 227 262 (1072 448 480 ) (1072 384 480 ) (1072 384 576 ) (1072 448 576 ) 
4 228 229 (1087 304 576 ) (1087 304 480 ) (1087 240 480 ) (1087 240 576 ) 
4 229 230 (1085 304 576 ) (1085 304 480 ) (1085 240 480 ) (1085 240 576 ) 
4 230 263 (1072 304 480 ) (1072 240 480 ) (1072 240 576 ) (1072 304 576 ) 
4 231 232 (1087 144 576 ) (1087 144 480 ) (1087 80 480 ) (1087 80 576 ) 
4 232 233 (1085 144 576 ) (1085 144 480 ) (1085 80 480 ) (1085 80 576 ) 
4 233 264 (1072 144 480 ) (1072 80 480 ) (1072 80 576 ) (1072 144 576 ) 
4 234 235 (1087 928 384 ) (1087 928 288 ) (1087 864 288 ) (1087 864 384 ) 
4 235 236 (1085 928 384 ) (1085 928 288 ) (1085 864 288 ) (1085 864 384 ) 
4 236 266 (1072 928 288 ) (1072 864 288 ) (1072 864 384 ) (1072 928 384 ) 
4 237 238 (1087 768 384 ) (1087 768 288 ) (1087 704 288 ) (1087 704 384 ) 
4 238 239 (1085 768 384 ) (1085 768 288 ) (1085 704 288 ) (1085 704 384 ) 
4 239 267 (1072 768 288 ) (1072 704 288 ) (1072 704 384 ) (1072 768 384 ) 
4 240 241 (1087 624 384 ) (1087 624 288 ) (1087 560 288 ) (1087 560 384 ) 
4 241 242 (1085 624 384 ) (1085 624 288 ) (1085 560 288 ) (1085 560 384 ) 
4 242 268 (1072 624 288 ) (1072 560 288 ) (1072 560 384 ) (1072 624 384 ) 
4 243 244 (1087 448 384 ) (1087 448 288 ) (1087 384 288 ) (1087 384 384 ) 
4 244 245 (1085 448 384 ) (1085 448 288 ) (1085 384 288 ) (1085 384 384 ) 
4 245 269 (1072 448 288 ) (1072 384 288 ) (1072 384 384 ) (1072 448 384 ) 
4 246 247 (1087 304 384 ) (1087 304 288 ) (1087 240 288 ) (1087 240 384 ) 
4 247 248 (1085 304 384 ) (1085 304 288 ) (1085 240 288 ) (1085 240 384 ) 
4 248 270 (1072 304 288 ) (1072 240 288 ) (1072 240 384 ) (1072 304 384 ) 
4 249 271 (1072 144 288 ) (1072 80 288 ) (1072 80 384 ) (1072 144 384 ) 
4 249 251 (1072 80 288 ) (1072 144 288 ) (1088 144 288 ) (1088 80 288 ) 
4 250 273 (1072 864 80 ) (1072 864 144 ) (1072 928 144 ) (1072 928 80 ) 
4 251 272 (1072 80 240 ) (1072 80 288 ) (1072 144 288 ) (1072 144 240 ) 
4 252 445 (1072 0 816 ) (1072 0 3056 ) (1056 0 3056 ) (1056 0 816 ) 
4 252 277 (1056 0 816 ) (1056 0 3056 ) (1056 640 3056 ) (1056 640 816 ) 
4 252 274 (1056 640 3056 ) (1056 1024 3056 ) (1056 1024 816 ) (1056 640 816 ) 
4 253 275 (1056 1008 752 ) (1056 1024 752 ) (1056 1024 592 ) (1056 1008 592 ) 
4 254 276 (1056 672 752 ) (1056 976 752 ) (1056 976 576 ) (1056 672 576 ) 
4 255 278 (1056 560 752 ) (1056 624 752 ) (1056 624 656 ) (1056 560 656 ) 
4 256 278 (1056 384 752 ) (1056 448 752 ) (1056 448 656 ) (1056 384 656 ) 
4 257 279 (1056 240 752 ) (1056 304 752 ) (1056 304 656 ) (1056 240 656 ) 
4 258 279 (1056 80 752 ) (1056 144 752 ) (1056 144 656 ) (1056 80 656 ) 
4 259 280 (1056 224 592 ) (1056 224 576 ) (1056 32 576 ) (1056 32 592 ) 
4 259 264 (1056 32 576 ) (1056 224 576 ) (1072 224 576 ) (1072 32 576 ) 
4 260 286 (1056 1024 480 ) (1056 1024 432 ) (1056 704 432 ) (1056 704 480 ) 
4 260 281 (1056 1024 560 ) (1056 1024 480 ) (1056 704 480 ) (1056 704 560 ) 
4 261 282 (1056 560 576 ) (1056 624 576 ) (1056 624 480 ) (1056 560 480 ) 
4 262 283 (1056 384 576 ) (1056 448 576 ) (1056 448 480 ) (1056 384 480 ) 
4 263 284 (1056 240 576 ) (1056 304 576 ) (1056 304 480 ) (1056 240 480 ) 
4 264 285 (1056 32 576 ) (1056 224 576 ) (1056 224 480 ) (1056 32 480 ) 
4 264 265 (1056 32 480 ) (1056 224 480 ) (1072 224 480 ) (1072 32 480 ) 
4 265 293 (1056 32 480 ) (1056 176 480 ) (1056 176 448 ) (1056 32 448 ) 
4 265 292 (1056 176 480 ) (1056 208 480 ) (1056 208 448 ) (1056 176 448 ) 
4 265 290 (1056 208 480 ) (1056 224 480 ) (1056 224 448 ) (1056 208 448 ) 
4 266 287 (1056 864 384 ) (1056 928 384 ) (1056 928 288 ) (1056 864 288 ) 
4 267 288 (1056 704 384 ) (1056 768 384 ) (1056 768 288 ) (1056 704 288 ) 
4 268 289 (1056 560 384 ) (1056 624 384 ) (1056 624 288 ) (1056 560 288 ) 
4 269 291 (1056 384 384 ) (1056 448 384 ) (1056 448 288 ) (1056 384 288 ) 
4 270 291 (1056 240 384 ) (1056 304 384 ) (1056 304 288 ) (1056 240 288 ) 
4 271 294 (1056 80 384 ) (1056 144 384 ) (1056 144 288 ) (1056 80 288 ) 
4 271 272 (1056 80 288 ) (1056 144 288 ) (1072 144 288 ) (1072 80 288 ) 
4 272 294 (1056 80 288 ) (1056 144 288 ) (1056 144 240 ) (1056 80 240 ) 
4 273 287 (1056 864 144 ) (1056 928 144 ) (1056 928 80 ) (1056 864 80 ) 
4 274 295 (1024 1024 3056 ) (1024 1024 816 ) (1024 640 816 ) (1024 640 3056 ) 
4 274 277 (1056 640 816 ) (1056 640 3056 ) (1024 640 3056 ) (1024 640 816 ) 
4 275 350 (1024 1024 608 ) (1024 1024 592 ) (1024 1008 592 ) (1024 1008 608 ) 
4 275 296 (1024 1024 752 ) (1024 1024 608 ) (1024 1008 608 ) (1024 1008 752 ) 
4 276 352 (1024 976 576 ) (1024 672 576 ) (1024 672 608 ) (1024 976 608 ) 
4 276 298 (1024 672 608 ) (1024 672 752 ) (1024 976 752 ) (1024 976 608 ) 
4 277 445 (1056 0 816 ) (1056 0 3056 ) (1024 0 3056 ) (1024 0 816 ) 
4 277 295 (1024 0 816 ) (1024 0 3056 ) (1024 640 3056 ) (1024 640 816 ) 
4 278 299 (1024 640 784 ) (1024 640 624 ) (1024 336 624 ) (1024 336 784 ) 
4 279 446 (1056 0 624 ) (1056 0 784 ) (1024 0 784 ) (1024 0 624 ) 
4 279 302 (1024 0 624 ) (1024 0 784 ) (1024 304 784 ) (1024 304 624 ) 
4 280 406 (1024 224 576 ) (1024 32 576 ) (1024 32 592 ) (1024 224 592 ) 
4 280 285 (1024 32 576 ) (1024 224 576 ) (1056 224 576 ) (1056 32 576 ) 
4 281 357 (1024 976 480 ) (1024 704 480 ) (1024 704 560 ) (1024 976 560 ) 
4 281 355 (1024 992 480 ) (1024 976 480 ) (1024 976 560 ) (1024 992 560 ) 
4 281 353 (1024 1024 560 ) (1024 1024 480 ) (1024 992 480 ) (1024 992 560 ) 
4 281 286 (1024 1024 480 ) (1056 1024 480 ) (1056 704 480 ) (1024 704 480 ) 
4 282 367 (1024 624 480 ) (1024 560 480 ) (1024 560 576 ) (1024 624 576 ) 
4 283 397 (1024 448 480 ) (1024 384 480 ) (1024 384 576 ) (1024 448 576 ) 
4 284 402 (1024 304 480 ) (1024 240 480 ) (1024 240 576 ) (1024 304 576 ) 
4 285 406 (1024 224 480 ) (1024 32 480 ) (1024 32 576 ) (1024 224 576 ) 
4 285 293 (1056 176 480 ) (1056 32 480 ) (1024 32 480 ) (1024 176 480 ) 
4 285 292 (1056 208 480 ) (1056 176 480 ) (1024 176 480 ) (1024 208 480 ) 
4 285 290 (1056 224 480 ) (1056 208 480 ) (1024 208 480 ) (1024 224 480 ) 
4 286 357 (1024 976 432 ) (1024 704 432 ) (1024 704 480 ) (1024 976 480 ) 
4 286 355 (1024 992 432 ) (1024 976 432 ) (1024 976 480 ) (1024 992 480 ) 
4 286 353 (1024 1024 480 ) (1024 1024 432 ) (1024 992 432 ) (1024 992 480 ) 
4 287 430 (1024 1024 236 ) (1024 1024 16 ) (1024 832 16 ) (1024 832 236 ) 
4 287 359 (1024 976 236 ) (1024 832 236 ) (1024 832 400 ) (1024 976 400 ) 
4 287 356 (1024 1024 400 ) (1024 1024 236 ) (1024 976 236 ) (1024 976 400 ) 
4 288 361 (1024 688 288 ) (1024 688 400 ) (1024 704 400 ) (1024 704 288 ) 
4 288 360 (1024 704 400 ) (1024 800 400 ) (1024 800 288 ) (1024 704 288 ) 
4 289 369 (1024 528 240 ) (1024 528 400 ) (1024 656 400 ) (1024 656 240 ) 
4 290 406 (1024 208 448 ) (1024 208 480 ) (1024 224 480 ) (1024 224 448 ) 
4 290 292 (1056 208 448 ) (1056 208 480 ) (1024 208 480 ) (1024 208 448 ) 
4 291 412 (1024 208 240 ) (1024 208 400 ) (1024 240 400 ) (1024 240 240 ) 
4 291 404 (1024 240 400 ) (1024 496 400 ) (1024 496 240 ) (1024 240 240 ) 
4 292 406 (1024 176 448 ) (1024 176 480 ) (1024 208 480 ) (1024 208 448 ) 
4 292 293 (1056 176 448 ) (1056 176 480 ) (1024 176 480 ) (1024 176 448 ) 
4 293 406 (1024 32 480 ) (1024 176 480 ) (1024 176 448 ) (1024 32 448 ) 
4 294 447 (1056 0 240 ) (1056 0 400 ) (1024 0 400 ) (1024 0 240 ) 
4 294 413 (1024 0 240 ) (1024 0 400 ) (1024 176 400 ) (1024 176 240 ) 
4 295 448 (1024 0 816 ) (1024 0 3056 ) (736 0 3056 ) (736 0 816 ) 
4 295 303 (736 480 928 ) (736 480 832 ) (736 384 832 ) (736 384 928 ) 
4 296 350 (848 1024 608 ) (1024 1024 608 ) (1024 1008 608 ) (848 1008 608 ) 
4 297 351 (736 976 608 ) (736 1024 608 ) (816 1024 608 ) (816 976 608 ) 
4 297 298 (736 976 752 ) (736 976 608 ) (816 976 608 ) (816 976 752 ) 
4 298 352 (736 672 608 ) (736 976 608 ) (1024 976 608 ) (1024 672 608 ) 
4 299 300 (960 640 784 ) (960 640 624 ) (960 336 624 ) (960 336 784 ) 
4 300 301 (912 640 784 ) (912 640 624 ) (912 336 624 ) (912 336 784 ) 
4 301 305 (736 352 736 ) (736 432 736 ) (736 432 624 ) (736 352 624 ) 
4 302 449 (1024 0 624 ) (1024 0 784 ) (736 0 784 ) (736 0 624 ) 
4 302 306 (736 0 624 ) (736 0 736 ) (736 304 736 ) (736 304 624 ) 
4 302 304 (736 0 736 ) (736 0 784 ) (736 304 784 ) (736 304 736 ) 
4 303 325 (720 384 832 ) (720 384 928 ) (720 480 928 ) (720 480 832 ) 
4 304 449 (720 0 784 ) (720 0 736 ) (736 0 736 ) (736 0 784 ) 
4 304 332 (720 304 736 ) (720 0 736 ) (720 0 784 ) (720 304 784 ) 
4 304 306 (720 0 736 ) (720 304 736 ) (736 304 736 ) (736 0 736 ) 
4 305 326 (720 432 624 ) (720 352 624 ) (720 352 736 ) (720 432 736 ) 
4 306 449 (720 0 736 ) (720 0 624 ) (736 0 624 ) (736 0 736 ) 
4 306 332 (720 304 624 ) (720 0 624 ) (720 0 736 ) (720 304 736 ) 
4 307 311 (256 1008 816 ) (256 1008 1008 ) (256 1024 1008 ) (256 1024 816 ) 
4 307 308 (704 1008 816 ) (704 1008 1008 ) (256 1008 1008 ) (256 1008 816 ) 
4 308 318 (256 736 816 ) (256 736 1008 ) (256 896 1008 ) (256 896 816 ) 
4 308 313 (256 896 1008 ) (256 976 1008 ) (256 976 816 ) (256 896 816 ) 
4 308 311 (256 976 1008 ) (256 1008 1008 ) (256 1008 816 ) (256 976 816 ) 
4 309 334 (544 808 624 ) (352 808 624 ) (352 896 624 ) (544 896 624 ) 
4 309 316 (256 976 624 ) (256 896 624 ) (256 896 736 ) (256 976 736 ) 
4 309 310 (256 736 784 ) (256 736 624 ) (704 736 624 ) (704 736 784 ) 
4 310 328 (608 704 624 ) (704 704 624 ) (704 704 784 ) (608 704 784 ) 
4 311 321 (144 1024 1008 ) (144 1024 816 ) (144 976 816 ) (144 976 1008 ) 
4 311 314 (144 976 1008 ) (144 976 816 ) (224 976 816 ) (224 976 1008 ) 
4 311 313 (224 976 816 ) (256 976 816 ) (256 976 1008 ) (224 976 1008 ) 
4 312 322 (144 1024 784 ) (144 1024 624 ) (144 976 624 ) (144 976 784 ) 
4 312 317 (144 976 736 ) (144 976 624 ) (224 976 624 ) (224 976 736 ) 
4 312 315 (144 976 784 ) (144 976 736 ) (224 976 736 ) (224 976 784 ) 
4 313 318 (256 896 816 ) (256 896 1008 ) (224 896 1008 ) (224 896 816 ) 
4 313 314 (224 896 816 ) (224 896 1008 ) (224 976 1008 ) (224 976 816 ) 
4 314 321 (144 896 816 ) (144 896 1008 ) (144 976 1008 ) (144 976 816 ) 
4 314 318 (144 896 1008 ) (144 896 816 ) (224 896 816 ) (224 896 1008 ) 
4 315 322 (144 896 736 ) (144 896 784 ) (144 976 784 ) (144 976 736 ) 
4 315 319 (144 896 784 ) (144 896 736 ) (224 896 736 ) (224 896 784 ) 
4 315 317 (224 896 736 ) (144 896 736 ) (144 976 736 ) (224 976 736 ) 
4 316 317 (224 896 624 ) (224 896 736 ) (224 976 736 ) (224 976 624 ) 
4 317 322 (144 976 624 ) (144 896 624 ) (144 896 736 ) (144 976 736 ) 
4 317 319 (144 896 736 ) (144 896 624 ) (224 896 624 ) (224 896 736 ) 
4 318 321 (144 736 816 ) (144 736 1008 ) (144 896 1008 ) (144 896 816 ) 
4 319 322 (144 896 624 ) (144 736 624 ) (144 736 784 ) (144 896 784 ) 
4 319 320 (144 736 784 ) (144 736 624 ) (224 736 624 ) (224 736 784 ) 
4 320 329 (144 704 624 ) (224 704 624 ) (224 704 784 ) (144 704 784 ) 
4 320 324 (144 736 624 ) (144 704 624 ) (144 704 784 ) (144 736 784 ) 
4 321 336 (96 1024 1008 ) (96 1024 816 ) (96 736 816 ) (96 736 1008 ) 
4 321 323 (96 736 880 ) (96 736 832 ) (144 736 832 ) (144 736 880 ) 
4 322 337 (96 1024 784 ) (96 1024 624 ) (96 736 624 ) (96 736 784 ) 
4 322 324 (96 736 784 ) (96 736 624 ) (144 736 624 ) (144 736 784 ) 
4 323 327 (96 704 880 ) (96 704 832 ) (144 704 832 ) (144 704 880 ) 
4 324 337 (96 736 784 ) (96 736 624 ) (96 704 624 ) (96 704 784 ) 
4 324 329 (96 704 784 ) (96 704 624 ) (144 704 624 ) (144 704 784 ) 
4 325 327 (704 704 928 ) (704 704 832 ) (704 336 832 ) (704 336 928 ) 
4 326 328 (704 432 624 ) (704 352 624 ) (704 352 736 ) (704 432 736 ) 
4 329 337 (96 704 784 ) (96 704 624 ) (96 672 624 ) (96 672 784 ) 
4 329 330 (96 672 624 ) (224 672 624 ) (224 672 784 ) (96 672 784 ) 
4 330 338 (96 448 624 ) (96 352 624 ) (96 352 768 ) (96 448 768 ) 
4 330 337 (96 672 624 ) (96 512 624 ) (96 512 784 ) (96 672 784 ) 
4 330 331 (464 336 624 ) (544 336 624 ) (544 336 736 ) (464 336 736 ) 
4 331 333 (464 304 624 ) (544 304 624 ) (544 304 736 ) (464 304 736 ) 
4 332 450 (704 0 784 ) (704 0 624 ) (720 0 624 ) (720 0 784 ) 
4 332 333 (704 304 784 ) (704 304 624 ) (704 0 624 ) (704 0 784 ) 
4 333 451 (96 0 1008 ) (96 0 624 ) (704 0 624 ) (704 0 1008 ) 
4 334 335 (352 808 612 ) (352 896 612 ) (544 896 612 ) (544 808 612 ) 
4 335 375 (352 896 608 ) (544 896 608 ) (544 808 608 ) (352 808 608 ) 
4 336 339 (64 1024 1008 ) (64 1024 816 ) (64 736 816 ) (64 736 1008 ) 
4 337 340 (64 1024 784 ) (64 1024 624 ) (64 512 624 ) (64 512 784 ) 
4 338 349 (64 352 624 ) (64 352 648 ) (64 448 648 ) (64 448 624 ) 
4 338 348 (64 352 648 ) (64 352 768 ) (64 448 768 ) (64 448 648 ) 
4 339 341 (48 1024 1008 ) (48 1024 816 ) (48 736 816 ) (48 736 1008 ) 
4 342 509 (0 192 1216 ) (0 336 1216 ) (0 336 1008 ) (0 192 1008 ) 
4 342 343 (0 192 1008 ) (0 336 1008 ) (64 336 1008 ) (64 192 1008 ) 
4 343 510 (0 48 1008 ) (0 480 1008 ) (0 480 848 ) (0 48 848 ) 
4 343 344 (64 48 944 ) (64 48 1008 ) (16 48 1008 ) (16 48 944 ) 
4 344 345 (16 16 1008 ) (16 16 944 ) (64 16 944 ) (64 16 1008 ) 
4 345 452 (64 0 944 ) (64 0 1008 ) (16 0 1008 ) (16 0 944 ) 
4 345 347 (16 16 944 ) (16 0 944 ) (16 0 1008 ) (16 16 1008 ) 
4 345 346 (16 0 944 ) (16 16 944 ) (64 16 944 ) (64 0 944 ) 
4 346 452 (64 0 848 ) (64 0 944 ) (16 0 944 ) (16 0 848 ) 
4 346 347 (16 0 848 ) (16 0 944 ) (16 16 944 ) (16 16 848 ) 
4 347 511 (0 0 848 ) (0 0 1008 ) (0 16 1008 ) (0 16 848 ) 
4 347 452 (0 0 1008 ) (0 0 848 ) (16 0 848 ) (16 0 1008 ) 
4 348 513 (0 0 648 ) (0 0 816 ) (0 480 816 ) (0 480 648 ) 
4 348 453 (0 0 816 ) (0 0 648 ) (64 0 648 ) (64 0 816 ) 
4 348 349 (0 0 648 ) (0 480 648 ) (64 480 648 ) (64 0 648 ) 
4 349 531 (0 0 624 ) (0 0 648 ) (0 480 648 ) (0 480 624 ) 
4 349 454 (0 0 648 ) (0 0 624 ) (64 0 624 ) (64 0 648 ) 
4 351 352 (736 976 608 ) (736 976 576 ) (816 976 576 ) (816 976 608 ) 
4 352 362 (736 880 576 ) (736 704 576 ) (736 704 592 ) (736 880 592 ) 
4 352 358 (736 704 576 ) (736 880 576 ) (896 880 576 ) (896 704 576 ) 
4 353 355 (912 992 432 ) (1024 992 432 ) (1024 992 560 ) (912 992 560 ) 
4 355 357 (912 976 432 ) (1024 976 432 ) (1024 976 560 ) (912 976 560 ) 
4 356 430 (736 1024 236 ) (1024 1024 236 ) (1024 976 236 ) (736 976 236 ) 
4 356 365 (736 1024 236 ) (736 976 236 ) (736 976 400 ) (736 1024 400 ) 
4 356 359 (736 976 400 ) (736 976 236 ) (1024 976 236 ) (1024 976 400 ) 
4 358 362 (736 704 448 ) (736 704 576 ) (736 880 576 ) (736 880 448 ) 
4 359 430 (1024 976 236 ) (1024 832 236 ) (736 832 236 ) (736 976 236 ) 
4 359 365 (736 976 236 ) (736 832 236 ) (736 832 400 ) (736 976 400 ) 
4 360 366 (736 704 288 ) (736 704 400 ) (736 800 400 ) (736 800 288 ) 
4 360 361 (736 704 400 ) (736 704 288 ) (1024 704 288 ) (1024 704 400 ) 
4 361 366 (736 688 288 ) (736 688 400 ) (736 704 400 ) (736 704 288 ) 
4 362 363 (704 704 448 ) (704 704 592 ) (704 880 592 ) (704 880 448 ) 
4 363 364 (656 1024 432 ) (656 656 432 ) (656 656 592 ) (656 1024 592 ) 
4 364 382 (624 656 432 ) (624 656 592 ) (624 688 592 ) (624 688 432 ) 
4 364 374 (624 688 592 ) (624 704 592 ) (624 704 432 ) (624 688 432 ) 
4 364 372 (624 704 592 ) (624 752 592 ) (624 752 432 ) (624 704 432 ) 
4 364 371 (624 752 592 ) (624 1024 592 ) (624 1024 432 ) (624 752 432 ) 
4 364 368 (624 656 592 ) (624 656 432 ) (656 656 432 ) (656 656 592 ) 
4 365 430 (624 1024 236 ) (736 1024 236 ) (736 832 236 ) (624 832 236 ) 
4 366 373 (624 752 368 ) (624 752 288 ) (624 704 288 ) (624 704 368 ) 
4 367 370 (1024 528 448 ) (1024 528 592 ) (688 528 592 ) (688 528 448 ) 
4 368 382 (624 528 432 ) (624 528 592 ) (624 656 592 ) (624 656 432 ) 
4 370 397 (1024 496 448 ) (1024 496 592 ) (688 496 592 ) (688 496 448 ) 
4 371 377 (592 752 432 ) (592 752 592 ) (592 1024 592 ) (592 1024 432 ) 
4 371 372 (592 752 592 ) (592 752 432 ) (624 752 432 ) (624 752 592 ) 
4 372 377 (592 704 432 ) (592 704 592 ) (592 752 592 ) (592 752 432 ) 
4 372 374 (592 704 592 ) (592 704 432 ) (624 704 432 ) (624 704 592 ) 
4 373 379 (592 704 288 ) (592 704 368 ) (592 752 368 ) (592 752 288 ) 
4 374 382 (624 688 432 ) (624 688 592 ) (592 688 592 ) (592 688 432 ) 
4 374 377 (592 688 432 ) (592 688 592 ) (592 704 592 ) (592 704 432 ) 
4 375 376 (352 808 604 ) (352 896 604 ) (544 896 604 ) (544 808 604 ) 
4 376 377 (544 808 592 ) (352 808 592 ) (352 896 592 ) (544 896 592 ) 
4 377 388 (112 688 592 ) (48 688 592 ) (48 688 432 ) (112 688 432 ) 
4 377 386 (176 688 592 ) (112 688 592 ) (112 688 432 ) (176 688 432 ) 
4 377 384 (432 688 592 ) (176 688 592 ) (176 688 432 ) (432 688 432 ) 
4 377 382 (592 688 432 ) (592 688 592 ) (432 688 592 ) (432 688 432 ) 
4 378 539 (0 1024 400 ) (0 1024 272 ) (0 880 272 ) (0 880 400 ) 
4 378 380 (0 1024 272 ) (592 1024 272 ) (592 880 272 ) (0 880 272 ) 
4 379 549 (0 736 272 ) (0 688 272 ) (0 688 400 ) (0 736 400 ) 
4 379 540 (0 848 272 ) (0 736 272 ) (0 736 400 ) (0 848 400 ) 
4 379 387 (112 688 336 ) (112 688 272 ) (176 688 272 ) (176 688 336 ) 
4 379 383 (592 688 272 ) (592 688 400 ) (432 688 400 ) (432 688 272 ) 
4 379 381 (592 848 272 ) (592 688 272 ) (0 688 272 ) (0 848 272 ) 
4 380 585 (0 1008 240 ) (0 880 240 ) (0 880 272 ) (0 1008 272 ) 
4 380 584 (0 1024 272 ) (0 1024 240 ) (0 1008 240 ) (0 1008 272 ) 
4 381 588 (0 688 240 ) (0 688 272 ) (0 848 272 ) (0 848 240 ) 
4 381 387 (176 688 272 ) (112 688 272 ) (112 688 240 ) (176 688 240 ) 
4 381 383 (592 688 240 ) (592 688 272 ) (432 688 272 ) (432 688 240 ) 
4 382 391 (448 528 560 ) (448 528 448 ) (528 528 448 ) (528 528 560 ) 
4 382 384 (432 688 592 ) (432 688 432 ) (432 528 432 ) (432 528 592 ) 
4 384 389 (176 656 432 ) (176 528 432 ) (176 528 592 ) (176 656 592 ) 
4 384 386 (176 688 592 ) (176 688 432 ) (176 656 432 ) (176 656 592 ) 
4 385 392 (400 528 240 ) (400 528 400 ) (176 528 400 ) (176 528 240 ) 
4 385 390 (176 528 240 ) (176 528 400 ) (176 656 400 ) (176 656 240 ) 
4 386 389 (176 656 432 ) (176 656 592 ) (112 656 592 ) (112 656 432 ) 
4 386 388 (112 688 592 ) (112 688 432 ) (112 656 432 ) (112 656 592 ) 
4 387 390 (176 656 240 ) (176 656 336 ) (112 656 336 ) (112 656 240 ) 
4 388 389 (48 656 592 ) (48 656 432 ) (112 656 432 ) (112 656 592 ) 
4 390 393 (48 592 400 ) (48 656 400 ) (48 656 240 ) (48 592 240 ) 
4 390 392 (48 528 400 ) (48 528 240 ) (176 528 240 ) (176 528 400 ) 
4 391 399 (528 496 448 ) (528 496 560 ) (448 496 560 ) (448 496 448 ) 
4 392 416 (400 496 240 ) (400 496 400 ) (48 496 400 ) (48 496 240 ) 
4 393 394 (42 656 240 ) (42 592 240 ) (42 592 400 ) (42 656 400 ) 
4 394 395 (38 656 240 ) (38 592 240 ) (38 592 400 ) (38 656 400 ) 
4 395 396 (32 592 240 ) (32 592 400 ) (32 656 400 ) (32 656 240 ) 
4 396 592 (0 592 240 ) (0 592 272 ) (0 656 272 ) (0 656 240 ) 
4 396 550 (0 592 272 ) (0 592 400 ) (0 656 400 ) (0 656 272 ) 
4 397 400 (1024 368 448 ) (1024 368 592 ) (688 368 592 ) (688 368 448 ) 
4 397 398 (688 496 592 ) (688 496 448 ) (688 368 448 ) (688 368 592 ) 
4 398 399 (672 496 448 ) (672 368 448 ) (672 368 592 ) (672 496 592 ) 
4 399 415 (400 496 592 ) (400 496 448 ) (400 368 448 ) (400 368 592 ) 
4 399 401 (448 368 448 ) (528 368 448 ) (528 368 560 ) (448 368 560 ) 
4 400 402 (1024 352 448 ) (1024 352 592 ) (688 352 592 ) (688 352 448 ) 
4 401 403 (528 352 448 ) (528 352 560 ) (448 352 560 ) (448 352 448 ) 
4 403 418 (400 240 432 ) (400 240 592 ) (400 352 592 ) (400 352 432 ) 
4 403 411 (400 240 448 ) (400 240 432 ) (672 240 432 ) (672 240 448 ) 
4 403 410 (400 240 592 ) (400 240 448 ) (672 240 448 ) (672 240 592 ) 
4 404 412 (1024 240 240 ) (1024 240 400 ) (432 240 400 ) (432 240 240 ) 
4 404 405 (432 240 240 ) (432 240 400 ) (432 384 400 ) (432 384 240 ) 
4 405 420 (400 240 240 ) (400 240 400 ) (400 352 400 ) (400 352 240 ) 
4 405 416 (400 352 400 ) (400 384 400 ) (400 384 240 ) (400 352 240 ) 
4 406 407 (960 32 448 ) (960 32 592 ) (960 224 592 ) (960 224 448 ) 
4 407 409 (688 128 448 ) (688 64 448 ) (688 64 512 ) (688 128 512 ) 
4 407 408 (688 32 592 ) (688 32 448 ) (960 32 448 ) (960 32 592 ) 
4 408 455 (688 0 592 ) (688 0 448 ) (960 0 448 ) (960 0 592 ) 
4 409 410 (672 128 448 ) (672 64 448 ) (672 64 512 ) (672 128 512 ) 
4 410 456 (400 0 592 ) (400 0 448 ) (560 0 448 ) (560 0 592 ) 
4 410 422 (400 0 448 ) (400 0 592 ) (400 176 592 ) (400 176 448 ) 
4 410 418 (400 176 592 ) (400 240 592 ) (400 240 448 ) (400 176 448 ) 
4 410 411 (400 0 448 ) (400 240 448 ) (672 240 448 ) (672 0 448 ) 
4 411 456 (560 0 448 ) (400 0 448 ) (400 0 432 ) (560 0 432 ) 
4 411 422 (400 0 432 ) (400 0 448 ) (400 176 448 ) (400 176 432 ) 
4 411 418 (400 176 448 ) (400 240 448 ) (400 240 432 ) (400 176 432 ) 
4 413 468 (1024 0 240 ) (1024 0 400 ) (400 0 400 ) (400 0 240 ) 
4 413 427 (400 0 240 ) (400 0 400 ) (400 16 400 ) (400 16 240 ) 
4 413 424 (400 16 400 ) (400 176 400 ) (400 176 240 ) (400 16 240 ) 
4 413 414 (992 0 240 ) (400 0 240 ) (400 128 240 ) (992 128 240 ) 
4 414 470 (992 0 240 ) (400 0 240 ) (400 0 236 ) (992 0 236 ) 
4 414 431 (992 0 236 ) (400 0 236 ) (400 128 236 ) (992 128 236 ) 
4 414 428 (400 128 236 ) (400 0 236 ) (400 0 240 ) (400 128 240 ) 
4 415 417 (48 496 592 ) (48 496 448 ) (48 368 448 ) (48 368 592 ) 
4 416 420 (400 352 240 ) (400 352 400 ) (48 352 400 ) (48 352 240 ) 
4 418 422 (320 176 432 ) (400 176 432 ) (400 176 592 ) (320 176 592 ) 
4 419 423 (32 176 592 ) (32 176 432 ) (288 176 432 ) (288 176 592 ) 
4 420 421 (80 208 384 ) (80 208 240 ) (160 208 240 ) (160 208 384 ) 
4 421 426 (160 176 240 ) (160 176 384 ) (80 176 384 ) (80 176 240 ) 
4 422 456 (352 0 432 ) (400 0 432 ) (400 0 592 ) (352 0 592 ) 
4 423 458 (32 0 592 ) (32 0 432 ) (288 0 432 ) (288 0 592 ) 
4 423 429 (32 64 568 ) (32 128 568 ) (32 128 448 ) (32 64 448 ) 
4 424 428 (400 128 240 ) (400 16 240 ) (208 16 240 ) (208 128 240 ) 
4 424 427 (208 16 240 ) (400 16 240 ) (400 16 400 ) (208 16 400 ) 
4 424 425 (208 176 240 ) (208 128 240 ) (208 128 400 ) (208 176 400 ) 
4 425 426 (176 176 240 ) (176 128 240 ) (176 128 400 ) (176 176 400 ) 
4 427 469 (208 0 240 ) (352 0 240 ) (352 0 400 ) (208 0 400 ) 
4 427 468 (352 0 240 ) (400 0 240 ) (400 0 400 ) (352 0 400 ) 
4 427 428 (208 16 240 ) (400 16 240 ) (400 0 240 ) (208 0 240 ) 
4 428 470 (208 0 236 ) (400 0 236 ) (400 0 240 ) (208 0 240 ) 
4 428 431 (400 0 236 ) (208 0 236 ) (208 128 236 ) (400 128 236 ) 
4 429 543 (0 64 568 ) (0 128 568 ) (0 128 448 ) (0 64 448 ) 
4 431 473 (992 0 160 ) (992 0 236 ) (208 0 236 ) (208 0 160 ) 
4 432 444 (32 688 -224 ) (32 688 208 ) (32 1008 208 ) (32 1008 -224 ) 
4 432 434 (32 688 208 ) (32 688 -224 ) (112 688 -224 ) (112 688 208 ) 
4 432 433 (112 688 -224 ) (176 688 -224 ) (176 688 208 ) (112 688 208 ) 
4 433 437 (160 656 208 ) (112 656 208 ) (112 656 -224 ) (160 656 -224 ) 
4 433 435 (176 656 -224 ) (176 656 208 ) (160 656 208 ) (160 656 -224 ) 
4 433 434 (112 688 208 ) (112 688 -224 ) (112 656 -224 ) (112 656 208 ) 
4 434 444 (32 656 -224 ) (32 656 208 ) (32 688 208 ) (32 688 -224 ) 
4 434 440 (32 656 208 ) (32 656 -224 ) (48 656 -224 ) (48 656 208 ) 
4 434 438 (48 656 -224 ) (80 656 -224 ) (80 656 208 ) (48 656 208 ) 
4 434 437 (80 656 -224 ) (112 656 -224 ) (112 656 208 ) (80 656 208 ) 
4 435 437 (160 656 208 ) (160 656 -224 ) (160 208 -224 ) (160 208 208 ) 
4 435 436 (160 208 208 ) (160 208 -224 ) (176 208 -224 ) (176 208 208 ) 
4 436 442 (176 176 -224 ) (176 176 208 ) (160 176 208 ) (160 176 -224 ) 
4 436 437 (160 208 -224 ) (160 176 -224 ) (160 176 208 ) (160 208 208 ) 
4 437 442 (160 176 -224 ) (160 176 208 ) (80 176 208 ) (80 176 -224 ) 
4 437 439 (80 208 -224 ) (80 176 -224 ) (80 176 208 ) (80 208 208 ) 
4 437 438 (80 656 208 ) (80 656 -224 ) (80 208 -224 ) (80 208 208 ) 
4 438 441 (48 592 -224 ) (48 208 -224 ) (48 208 208 ) (48 592 208 ) 
4 438 440 (48 656 208 ) (48 656 -224 ) (48 592 -224 ) (48 592 208 ) 
4 438 439 (48 208 208 ) (48 208 -224 ) (80 208 -224 ) (80 208 208 ) 
4 439 442 (80 176 -224 ) (80 176 208 ) (48 176 208 ) (48 176 -224 ) 
4 439 441 (48 208 -224 ) (48 176 -224 ) (48 176 208 ) (48 208 208 ) 
4 440 444 (32 656 208 ) (32 656 -224 ) (32 592 -224 ) (32 592 208 ) 
4 440 441 (32 592 208 ) (32 592 -224 ) (48 592 -224 ) (48 592 208 ) 
4 441 444 (32 176 -224 ) (32 176 208 ) (32 592 208 ) (32 592 -224 ) 
4 441 442 (32 176 208 ) (32 176 -224 ) (48 176 -224 ) (48 176 208 ) 
4 442 444 (32 16 -224 ) (32 16 208 ) (32 176 208 ) (32 176 -224 ) 
4 442 443 (32 16 208 ) (32 16 -224 ) (176 16 -224 ) (176 16 208 ) 
4 443 474 (176 0 -224 ) (176 0 208 ) (32 0 208 ) (32 0 -224 ) 
4 443 444 (32 0 -224 ) (32 0 208 ) (32 16 208 ) (32 16 -224 ) 
4 444 600 (0 0 -224 ) (0 0 88 ) (0 1008 88 ) (0 1008 -224 ) 
4 444 597 (0 0 88 ) (0 0 144 ) (0 56 144 ) (0 56 88 ) 
4 444 596 (0 0 144 ) (0 0 208 ) (0 56 208 ) (0 56 144 ) 
4 444 594 (0 56 208 ) (0 592 208 ) (0 592 88 ) (0 56 88 ) 
4 444 593 (0 592 208 ) (0 656 208 ) (0 656 88 ) (0 592 88 ) 
4 444 591 (0 656 208 ) (0 688 208 ) (0 688 88 ) (0 656 88 ) 
4 444 589 (0 688 208 ) (0 848 208 ) (0 848 88 ) (0 688 88 ) 
4 444 587 (0 848 208 ) (0 880 208 ) (0 880 88 ) (0 848 88 ) 
4 444 586 (0 880 208 ) (0 1008 208 ) (0 1008 88 ) (0 880 88 ) 
4 444 477 (16 0 208 ) (0 0 208 ) (0 0 -224 ) (16 0 -224 ) 
4 444 476 (32 0 -224 ) (32 0 208 ) (16 0 208 ) (16 0 -224 ) 
4 445 448 (1024 0 3056 ) (1024 0 816 ) (1024 -256 816 ) (1024 -256 3056 ) 
4 446 449 (1024 0 784 ) (1024 0 624 ) (1024 -176 624 ) (1024 -176 784 ) 
4 447 468 (1024 0 400 ) (1024 0 240 ) (1024 -48 240 ) (1024 -48 400 ) 
4 449 450 (720 0 624 ) (720 -176 624 ) (720 -176 784 ) (720 0 784 ) 
4 450 451 (704 0 784 ) (704 0 624 ) (704 -176 624 ) (704 -176 784 ) 
4 452 610 (0 0 1008 ) (0 0 848 ) (0 -208 848 ) (0 -208 1008 ) 
4 453 630 (0 -96 648 ) (0 -208 648 ) (0 -208 800 ) (0 -96 800 ) 
4 453 620 (0 0 800 ) (0 0 648 ) (0 -96 648 ) (0 -96 800 ) 
4 453 611 (0 0 816 ) (0 0 800 ) (0 -208 800 ) (0 -208 816 ) 
4 453 454 (64 0 648 ) (64 -208 648 ) (0 -208 648 ) (0 0 648 ) 
4 454 631 (0 -96 624 ) (0 -208 624 ) (0 -208 648 ) (0 -96 648 ) 
4 454 621 (0 0 648 ) (0 0 624 ) (0 -96 624 ) (0 -96 648 ) 
4 456 457 (352 -176 592 ) (352 -176 432 ) (560 -176 432 ) (560 -176 592 ) 
4 457 461 (560 -368 432 ) (560 -368 592 ) (352 -368 592 ) (352 -368 432 ) 
4 458 459 (32 -32 592 ) (32 -32 432 ) (288 -32 432 ) (288 -32 592 ) 
4 459 464 (176 -368 592 ) (32 -368 592 ) (32 -368 432 ) (176 -368 432 ) 
4 459 460 (32 -368 432 ) (32 -32 432 ) (176 -32 432 ) (176 -368 432 ) 
4 460 471 (176 -368 420 ) (32 -368 420 ) (32 -32 420 ) (176 -32 420 ) 
4 460 465 (32 -368 420 ) (176 -368 420 ) (176 -368 432 ) (32 -368 432 ) 
4 461 462 (352 -400 432 ) (352 -768 432 ) (352 -768 592 ) (352 -400 592 ) 
4 462 466 (208 -656 592 ) (208 -512 592 ) (208 -512 432 ) (208 -656 432 ) 
4 462 463 (208 -400 528 ) (208 -400 448 ) (208 -464 448 ) (208 -464 528 ) 
4 463 464 (176 -464 448 ) (176 -464 528 ) (176 -400 528 ) (176 -400 448 ) 
4 464 465 (32 -480 432 ) (32 -368 432 ) (176 -368 432 ) (176 -480 432 ) 
4 465 472 (32 -368 420 ) (176 -368 420 ) (176 -480 420 ) (32 -480 420 ) 
4 466 467 (16 -656 432 ) (16 -656 592 ) (16 -512 592 ) (16 -512 432 ) 
4 467 647 (0 -656 592 ) (0 -512 592 ) (0 -512 432 ) (0 -656 432 ) 
4 468 470 (992 -48 240 ) (352 -48 240 ) (352 0 240 ) (992 0 240 ) 
4 468 469 (352 0 240 ) (352 -48 240 ) (352 -48 400 ) (352 0 400 ) 
4 469 470 (352 -48 240 ) (208 -48 240 ) (208 0 240 ) (352 0 240 ) 
4 470 473 (992 -48 236 ) (208 -48 236 ) (208 0 236 ) (992 0 236 ) 
4 471 475 (176 -32 236 ) (176 -368 236 ) (32 -368 236 ) (32 -32 236 ) 
4 471 472 (32 -368 236 ) (176 -368 236 ) (176 -368 420 ) (32 -368 420 ) 
4 472 475 (32 -368 236 ) (176 -368 236 ) (176 -480 236 ) (32 -480 236 ) 
4 474 476 (32 -16 -224 ) (32 -16 208 ) (32 0 208 ) (32 0 -224 ) 
4 476 477 (16 0 208 ) (16 0 -224 ) (16 -16 -224 ) (16 -16 208 ) 
4 477 654 (0 -208 -224 ) (0 -208 88 ) (0 0 88 ) (0 0 -224 ) 
4 477 639 (0 -208 88 ) (0 -208 208 ) (0 0 208 ) (0 0 88 ) 
4 478 482 (0 528 1008 ) (0 512 1008 ) (-96 512 1008 ) (-96 528 1008 ) 
4 478 480 (0 688 1008 ) (0 528 1008 ) (-96 528 1008 ) (-96 688 1008 ) 
4 478 479 (-96 704 1008 ) (0 704 1008 ) (0 688 1008 ) (-96 688 1008 ) 
4 479 488 (-96 704 768 ) (0 704 768 ) (0 688 768 ) (-96 688 768 ) 
4 479 480 (0 688 1008 ) (-96 688 1008 ) (-96 688 768 ) (0 688 768 ) 
4 480 491 (0 544 768 ) (0 528 768 ) (-96 528 768 ) (-96 544 768 ) 
4 480 489 (0 640 768 ) (0 544 768 ) (-96 544 768 ) (-96 640 768 ) 
4 480 488 (-96 688 768 ) (0 688 768 ) (0 640 768 ) (-96 640 768 ) 
4 480 482 (0 528 1008 ) (-96 528 1008 ) (-96 528 768 ) (0 528 768 ) 
4 480 481 (-96 688 1008 ) (-96 688 960 ) (-96 528 960 ) (-96 528 1008 ) 
4 481 483 (-128 528 960 ) (-128 528 1008 ) (-128 688 1008 ) (-128 688 960 ) 
4 482 491 (-96 528 768 ) (0 528 768 ) (0 512 768 ) (-96 512 768 ) 
4 483 485 (-368 512 848 ) (-368 512 1008 ) (-368 704 1008 ) (-368 704 848 ) 
4 484 501 (-384 496 2688 ) (-384 496 2592 ) (-368 496 2592 ) (-368 496 2688 ) 
4 484 495 (-384 496 2592 ) (-384 496 2688 ) (-384 688 2688 ) (-384 688 2592 ) 
4 485 497 (-384 512 1008 ) (-384 704 1008 ) (-384 704 848 ) (-384 512 848 ) 
4 486 522 (-352 1024 648 ) (0 1024 648 ) (0 736 648 ) (-352 736 648 ) 
4 486 487 (-352 992 648 ) (-352 768 648 ) (-352 768 736 ) (-352 992 736 ) 
4 487 523 (-352 992 648 ) (-352 768 648 ) (-384 768 648 ) (-384 992 648 ) 
4 488 524 (0 704 648 ) (0 640 648 ) (-96 640 648 ) (-96 704 648 ) 
4 488 489 (-96 640 648 ) (0 640 648 ) (0 640 768 ) (-96 640 768 ) 
4 489 524 (0 640 648 ) (0 544 648 ) (-96 544 648 ) (-96 640 648 ) 
4 489 491 (-96 544 648 ) (0 544 648 ) (0 544 768 ) (-96 544 768 ) 
4 489 490 (-96 640 736 ) (-96 640 656 ) (-96 544 656 ) (-96 544 736 ) 
4 490 492 (-128 544 656 ) (-128 544 736 ) (-128 640 736 ) (-128 640 656 ) 
4 491 524 (0 544 648 ) (0 512 648 ) (-96 512 648 ) (-96 544 648 ) 
4 492 526 (-128 512 648 ) (-368 512 648 ) (-368 688 648 ) (-128 688 648 ) 
4 493 528 (-432 752 648 ) (-1008 752 648 ) (-1008 1008 648 ) (-432 1008 648 ) 
4 493 494 (-1008 752 784 ) (-1008 752 648 ) (-432 752 648 ) (-432 752 784 ) 
4 494 528 (-432 704 648 ) (-1008 704 648 ) (-1008 752 648 ) (-432 752 648 ) 
4 494 527 (-400 704 648 ) (-432 704 648 ) (-432 752 648 ) (-400 752 648 ) 
4 494 498 (-1008 704 784 ) (-1008 704 648 ) (-400 704 648 ) (-400 704 784 ) 
4 495 502 (-416 496 2688 ) (-448 496 2688 ) (-448 496 2592 ) (-416 496 2592 ) 
4 495 501 (-384 496 2592 ) (-384 496 2688 ) (-416 496 2688 ) (-416 496 2592 ) 
4 496 518 (-784 496 2688 ) (-832 496 2688 ) (-832 496 2592 ) (-784 496 2592 ) 
4 496 515 (-768 496 2688 ) (-784 496 2688 ) (-784 496 2592 ) (-768 496 2592 ) 
4 496 504 (-752 496 2688 ) (-768 496 2688 ) (-768 496 2592 ) (-752 496 2592 ) 
4 497 499 (-384 512 848 ) (-384 512 1008 ) (-1008 512 1008 ) (-1008 512 848 ) 
4 498 528 (-432 512 648 ) (-1008 512 648 ) (-1008 704 648 ) (-432 704 648 ) 
4 498 527 (-400 512 648 ) (-432 512 648 ) (-432 704 648 ) (-400 704 648 ) 
4 498 500 (-464 512 648 ) (-416 512 648 ) (-416 512 784 ) (-464 512 784 ) 
4 499 519 (-784 496 1008 ) (-1008 496 1008 ) (-1008 496 848 ) (-784 496 848 ) 
4 500 530 (-416 496 648 ) (-464 496 648 ) (-464 512 648 ) (-416 512 648 ) 
4 500 503 (-464 496 648 ) (-416 496 648 ) (-416 496 784 ) (-464 496 784 ) 
4 501 505 (-368 480 2688 ) (-416 480 2688 ) (-416 480 2592 ) (-368 480 2592 ) 
4 501 502 (-416 496 2688 ) (-416 496 2592 ) (-416 480 2592 ) (-416 480 2688 ) 
4 502 505 (-416 480 2592 ) (-416 480 2688 ) (-448 480 2688 ) (-448 480 2592 ) 
4 503 530 (-464 496 648 ) (-416 496 648 ) (-416 480 648 ) (-464 480 648 ) 
4 503 513 (-464 480 648 ) (-416 480 648 ) (-416 480 784 ) (-464 480 784 ) 
4 504 515 (-768 496 2688 ) (-768 496 2592 ) (-768 480 2592 ) (-768 480 2688 ) 
4 504 507 (-768 480 2688 ) (-768 480 2592 ) (-752 480 2592 ) (-752 480 2688 ) 
4 505 506 (-448 192 2592 ) (-448 112 2592 ) (-448 112 2688 ) (-448 192 2688 ) 
4 506 508 (-640 112 2592 ) (-560 112 2592 ) (-560 112 2688 ) (-640 112 2688 ) 
4 506 507 (-752 192 2592 ) (-752 112 2592 ) (-752 112 2688 ) (-752 192 2688 ) 
4 507 515 (-768 112 2688 ) (-768 480 2688 ) (-768 480 2592 ) (-768 112 2592 ) 
4 508 609 (-560 0 2688 ) (-640 0 2688 ) (-640 0 2592 ) (-560 0 2592 ) 
4 509 510 (-768 192 1008 ) (-768 336 1008 ) (0 336 1008 ) (0 192 1008 ) 
4 510 516 (-768 336 896 ) (-768 192 896 ) (-768 192 976 ) (-768 336 976 ) 
4 511 610 (0 0 848 ) (0 0 1008 ) (-576 0 1008 ) (-576 0 848 ) 
4 511 512 (-576 16 1008 ) (-576 16 848 ) (-576 0 848 ) (-576 0 1008 ) 
4 512 612 (-576 0 1008 ) (-768 0 1008 ) (-768 0 848 ) (-576 0 848 ) 
4 513 620 (0 0 648 ) (0 0 800 ) (-576 0 800 ) (-576 0 648 ) 
4 513 611 (0 0 800 ) (0 0 816 ) (-576 0 816 ) (-576 0 800 ) 
4 513 533 (-576 176 648 ) (-576 352 648 ) (-352 352 648 ) (-352 176 648 ) 
4 513 532 (-576 352 648 ) (-576 480 648 ) (-352 480 648 ) (-352 352 648 ) 
4 513 534 (-352 0 648 ) (-576 0 648 ) (-576 176 648 ) (-352 176 648 ) 
4 513 531 (0 0 648 ) (-352 0 648 ) (-352 480 648 ) (0 480 648 ) 
4 514 626 (-768 0 784 ) (-768 0 648 ) (-672 0 648 ) (-672 0 784 ) 
4 514 623 (-672 0 648 ) (-608 0 648 ) (-608 0 784 ) (-672 0 784 ) 
4 514 535 (-608 0 648 ) (-768 0 648 ) (-768 480 648 ) (-608 480 648 ) 
4 514 517 (-768 480 648 ) (-768 0 648 ) (-768 0 784 ) (-768 480 784 ) 
4 515 518 (-784 496 2688 ) (-784 496 2592 ) (-784 112 2592 ) (-784 112 2688 ) 
4 516 519 (-784 192 976 ) (-784 336 976 ) (-784 336 896 ) (-784 192 896 ) 
4 517 626 (-784 0 784 ) (-784 0 648 ) (-768 0 648 ) (-768 0 784 ) 
4 517 535 (-768 0 648 ) (-784 0 648 ) (-784 480 648 ) (-768 480 648 ) 
4 517 520 (-784 480 648 ) (-784 0 648 ) (-784 0 784 ) (-784 480 784 ) 
4 519 617 (-1008 0 1008 ) (-1008 0 848 ) (-784 0 848 ) (-784 0 1008 ) 
4 519 521 (-1008 256 896 ) (-1008 56 896 ) (-1008 56 992 ) (-1008 256 992 ) 
4 520 626 (-1008 0 784 ) (-1008 0 648 ) (-784 0 648 ) (-784 0 784 ) 
4 520 535 (-784 0 648 ) (-1008 0 648 ) (-1008 480 648 ) (-784 480 648 ) 
4 521 603 (-1024 56 992 ) (-1024 256 992 ) (-1024 256 896 ) (-1024 56 896 ) 
4 522 536 (-352 1024 608 ) (0 1024 608 ) (0 736 608 ) (-352 736 608 ) 
4 522 523 (-352 992 608 ) (-352 768 608 ) (-352 768 648 ) (-352 992 648 ) 
4 523 537 (-352 992 608 ) (-352 768 608 ) (-384 768 608 ) (-384 992 608 ) 
4 524 525 (0 512 624 ) (-96 512 624 ) (-96 704 624 ) (0 704 624 ) 
4 525 541 (0 704 608 ) (0 512 608 ) (-96 512 608 ) (-96 704 608 ) 
4 527 530 (-416 512 648 ) (-432 512 648 ) (-432 512 640 ) (-416 512 640 ) 
4 527 528 (-432 512 624 ) (-432 512 648 ) (-432 752 648 ) (-432 752 624 ) 
4 528 530 (-432 512 640 ) (-432 512 648 ) (-464 512 648 ) (-464 512 640 ) 
4 528 529 (-1008 1008 624 ) (-960 1008 624 ) (-960 960 624 ) (-1008 960 624 ) 
4 529 552 (-1008 1008 608 ) (-960 1008 608 ) (-960 960 608 ) (-1008 960 608 ) 
4 530 532 (-416 480 648 ) (-464 480 648 ) (-464 480 640 ) (-416 480 640 ) 
4 531 621 (0 0 624 ) (0 0 648 ) (-352 0 648 ) (-352 0 624 ) 
4 531 533 (-352 352 624 ) (-352 176 624 ) (-352 176 648 ) (-352 352 648 ) 
4 531 532 (-352 480 648 ) (-352 480 624 ) (-352 352 624 ) (-352 352 648 ) 
4 531 534 (-352 176 624 ) (-352 0 624 ) (-352 0 648 ) (-352 176 648 ) 
4 532 533 (-576 352 648 ) (-576 352 624 ) (-352 352 624 ) (-352 352 648 ) 
4 533 534 (-576 176 648 ) (-576 176 624 ) (-352 176 624 ) (-352 176 648 ) 
4 534 622 (-352 0 648 ) (-576 0 648 ) (-576 0 624 ) (-352 0 624 ) 
4 535 626 (-672 0 648 ) (-1008 0 648 ) (-1008 0 624 ) (-672 0 624 ) 
4 535 623 (-608 0 648 ) (-672 0 648 ) (-672 0 624 ) (-608 0 624 ) 
4 536 541 (0 736 576 ) (0 736 608 ) (-96 736 608 ) (-96 736 576 ) 
4 536 542 (-352 736 528 ) (0 736 528 ) (0 736 576 ) (-352 736 576 ) 
4 536 538 (-352 776 568 ) (-352 840 568 ) (-352 840 536 ) (-352 776 536 ) 
4 536 537 (-352 768 608 ) (-352 992 608 ) (-352 992 576 ) (-352 768 576 ) 
4 538 554 (-384 776 568 ) (-384 840 568 ) (-384 840 536 ) (-384 776 536 ) 
4 539 585 (-384 880 272 ) (-384 1008 272 ) (0 1008 272 ) (0 880 272 ) 
4 539 584 (-384 1008 272 ) (-384 1024 272 ) (0 1024 272 ) (0 1008 272 ) 
4 539 559 (-384 944 272 ) (-384 880 272 ) (-384 880 400 ) (-384 944 400 ) 
4 539 557 (-384 1024 272 ) (-384 944 272 ) (-384 944 400 ) (-384 1024 400 ) 
4 540 588 (-384 736 272 ) (-384 848 272 ) (0 848 272 ) (0 736 272 ) 
4 540 560 (-384 848 272 ) (-384 736 272 ) (-384 736 400 ) (-384 848 400 ) 
4 540 549 (-384 736 400 ) (-384 736 272 ) (0 736 272 ) (0 736 400 ) 
4 541 542 (-96 512 576 ) (-96 736 576 ) (0 736 576 ) (0 512 576 ) 
4 542 547 (-352 480 448 ) (-352 416 448 ) (-352 416 544 ) (-352 480 544 ) 
4 542 546 (-352 640 480 ) (-352 576 480 ) (-352 576 544 ) (-352 640 544 ) 
4 542 543 (-160 384 448 ) (0 384 448 ) (0 384 576 ) (-160 384 576 ) 
4 543 624 (0 0 448 ) (0 0 576 ) (-160 0 576 ) (-160 0 448 ) 
4 543 544 (-160 128 448 ) (-160 64 448 ) (-160 64 568 ) (-160 128 568 ) 
4 544 545 (-176 128 448 ) (-176 64 448 ) (-176 64 568 ) (-176 128 568 ) 
4 545 548 (-352 352 448 ) (-352 16 448 ) (-352 16 576 ) (-352 352 576 ) 
4 546 575 (-384 640 480 ) (-384 576 480 ) (-384 576 544 ) (-384 640 544 ) 
4 547 575 (-384 480 544 ) (-384 480 448 ) (-384 416 448 ) (-384 416 544 ) 
4 548 580 (-384 352 576 ) (-384 352 448 ) (-384 16 448 ) (-384 16 576 ) 
4 549 588 (-384 688 272 ) (-384 736 272 ) (0 736 272 ) (0 688 272 ) 
4 549 570 (-384 720 272 ) (-384 688 272 ) (-384 688 400 ) (-384 720 400 ) 
4 549 560 (-384 736 272 ) (-384 720 272 ) (-384 720 400 ) (-384 736 400 ) 
4 550 592 (-384 592 272 ) (-384 656 272 ) (0 656 272 ) (0 592 272 ) 
4 550 576 (-384 640 272 ) (-384 592 272 ) (-384 592 400 ) (-384 640 400 ) 
4 550 574 (-384 656 272 ) (-384 640 272 ) (-384 640 400 ) (-384 656 400 ) 
4 551 556 (-432 1024 448 ) (-400 1024 448 ) (-400 960 448 ) (-432 960 448 ) 
4 551 553 (-432 1024 448 ) (-432 960 448 ) (-432 960 528 ) (-432 1024 528 ) 
4 552 583 (-1008 944 608 ) (-1008 1024 608 ) (-1008 1024 560 ) (-1008 944 560 ) 
4 553 563 (-1008 960 448 ) (-1008 1024 448 ) (-768 1024 448 ) (-768 960 448 ) 
4 553 562 (-768 1024 448 ) (-736 1024 448 ) (-736 960 448 ) (-768 960 448 ) 
4 553 561 (-736 1024 448 ) (-560 1024 448 ) (-560 960 448 ) (-736 960 448 ) 
4 553 558 (-560 1024 448 ) (-528 1024 448 ) (-528 960 448 ) (-560 960 448 ) 
4 553 556 (-528 1024 448 ) (-432 1024 448 ) (-432 960 448 ) (-528 960 448 ) 
4 554 555 (-464 840 536 ) (-464 776 536 ) (-464 776 568 ) (-464 840 568 ) 
4 555 581 (-1008 720 576 ) (-1008 720 448 ) (-800 720 448 ) (-800 720 576 ) 
4 555 566 (-520 720 556 ) (-580 720 556 ) (-580 720 476 ) (-520 720 476 ) 
4 556 558 (-528 960 448 ) (-528 1024 448 ) (-528 1024 432 ) (-528 960 432 ) 
4 557 585 (-384 1008 272 ) (-384 944 272 ) (-528 944 272 ) (-528 1008 272 ) 
4 557 584 (-528 1024 272 ) (-384 1024 272 ) (-384 1008 272 ) (-528 1008 272 ) 
4 557 559 (-528 944 272 ) (-384 944 272 ) (-384 944 400 ) (-528 944 400 ) 
4 558 561 (-560 960 432 ) (-560 960 448 ) (-560 1024 448 ) (-560 1024 432 ) 
4 559 585 (-384 944 272 ) (-384 880 272 ) (-528 880 272 ) (-528 944 272 ) 
4 560 588 (-384 848 272 ) (-384 720 272 ) (-560 720 272 ) (-560 848 272 ) 
4 560 570 (-560 720 272 ) (-384 720 272 ) (-384 720 400 ) (-560 720 400 ) 
4 560 564 (-560 848 272 ) (-560 720 272 ) (-560 720 400 ) (-560 848 400 ) 
4 561 562 (-736 960 432 ) (-736 960 448 ) (-736 1024 448 ) (-736 1024 432 ) 
4 562 563 (-768 960 432 ) (-768 960 448 ) (-768 1024 448 ) (-768 1024 432 ) 
4 564 590 (-736 1024 272 ) (-560 1024 272 ) (-560 720 272 ) (-736 720 272 ) 
4 564 571 (-736 720 272 ) (-560 720 272 ) (-560 720 400 ) (-736 720 400 ) 
4 565 595 (-1008 720 272 ) (-1008 1024 272 ) (-768 1024 272 ) (-768 720 272 ) 
4 565 582 (-1008 720 400 ) (-1008 720 272 ) (-800 720 272 ) (-800 720 400 ) 
4 565 572 (-800 720 272 ) (-768 720 272 ) (-768 720 400 ) (-800 720 400 ) 
4 566 567 (-580 704 476 ) (-520 704 476 ) (-520 704 556 ) (-580 704 556 ) 
4 567 573 (-580 656 476 ) (-520 656 476 ) (-520 656 556 ) (-580 656 556 ) 
4 568 577 (-784 656 476 ) (-672 656 476 ) (-672 656 576 ) (-784 656 576 ) 
4 568 569 (-672 656 476 ) (-784 656 476 ) (-784 704 476 ) (-672 704 476 ) 
4 569 577 (-672 656 448 ) (-672 656 476 ) (-784 656 476 ) (-784 656 448 ) 
4 570 588 (-560 720 272 ) (-384 720 272 ) (-384 688 272 ) (-560 688 272 ) 
4 570 571 (-560 688 272 ) (-560 688 400 ) (-560 720 400 ) (-560 720 272 ) 
4 571 590 (-736 720 272 ) (-560 720 272 ) (-560 688 272 ) (-736 688 272 ) 
4 572 595 (-800 656 272 ) (-800 720 272 ) (-768 720 272 ) (-768 656 272 ) 
4 572 582 (-800 720 400 ) (-800 720 272 ) (-800 656 272 ) (-800 656 400 ) 
4 572 579 (-800 656 400 ) (-800 656 272 ) (-768 656 272 ) (-768 656 400 ) 
4 573 575 (-580 640 476 ) (-520 640 476 ) (-520 640 556 ) (-580 640 556 ) 
4 574 592 (-640 656 272 ) (-384 656 272 ) (-384 640 272 ) (-640 640 272 ) 
4 574 578 (-640 656 400 ) (-640 656 272 ) (-640 640 272 ) (-640 640 400 ) 
4 574 576 (-640 640 400 ) (-640 640 272 ) (-384 640 272 ) (-384 640 400 ) 
4 576 592 (-384 640 272 ) (-384 592 272 ) (-640 592 272 ) (-640 640 272 ) 
4 576 578 (-640 640 272 ) (-640 592 272 ) (-640 592 400 ) (-640 640 400 ) 
4 577 580 (-672 352 448 ) (-672 352 576 ) (-784 352 576 ) (-784 352 448 ) 
4 578 592 (-768 656 272 ) (-640 656 272 ) (-640 592 272 ) (-768 592 272 ) 
4 578 579 (-768 592 272 ) (-768 592 400 ) (-768 656 400 ) (-768 656 272 ) 
4 579 595 (-800 592 272 ) (-800 656 272 ) (-768 656 272 ) (-768 592 272 ) 
4 579 582 (-800 656 272 ) (-800 592 272 ) (-800 592 400 ) (-800 656 400 ) 
4 581 629 (-1008 0 576 ) (-1008 0 448 ) (-800 0 448 ) (-800 0 576 ) 
4 582 595 (-1008 592 272 ) (-1008 720 272 ) (-800 720 272 ) (-800 592 272 ) 
4 584 585 (-528 1008 272 ) (-528 1008 240 ) (0 1008 240 ) (0 1008 272 ) 
4 586 600 (0 1008 88 ) (0 880 88 ) (-352 880 88 ) (-352 1008 88 ) 
4 586 587 (-352 880 88 ) (0 880 88 ) (0 880 208 ) (-352 880 208 ) 
4 587 600 (0 880 88 ) (0 848 88 ) (-352 848 88 ) (-352 880 88 ) 
4 587 589 (-352 848 88 ) (0 848 88 ) (0 848 208 ) (-352 848 208 ) 
4 588 590 (-560 688 240 ) (-560 688 272 ) (-560 848 272 ) (-560 848 240 ) 
4 589 600 (0 848 88 ) (0 688 88 ) (-352 688 88 ) (-352 848 88 ) 
4 589 591 (-352 688 88 ) (0 688 88 ) (0 688 208 ) (-352 688 208 ) 
4 591 600 (0 688 88 ) (0 656 88 ) (-352 656 88 ) (-352 688 88 ) 
4 591 593 (-352 656 88 ) (0 656 88 ) (0 656 208 ) (-352 656 208 ) 
4 592 595 (-768 592 240 ) (-768 592 272 ) (-768 656 272 ) (-768 656 240 ) 
4 593 600 (0 656 88 ) (0 592 88 ) (-352 592 88 ) (-352 656 88 ) 
4 593 594 (-352 592 88 ) (0 592 88 ) (0 592 208 ) (-352 592 208 ) 
4 594 600 (0 592 88 ) (0 56 88 ) (-352 56 88 ) (-352 592 88 ) 
4 594 597 (-352 56 88 ) (0 56 88 ) (0 56 144 ) (-352 56 144 ) 
4 594 596 (0 56 144 ) (0 56 208 ) (-352 56 208 ) (-352 56 144 ) 
4 596 639 (0 0 144 ) (0 0 208 ) (-352 0 208 ) (-352 0 144 ) 
4 596 597 (0 0 144 ) (-352 0 144 ) (-352 56 144 ) (0 56 144 ) 
4 597 639 (0 0 88 ) (0 0 144 ) (-352 0 144 ) (-352 0 88 ) 
4 597 600 (0 0 88 ) (-352 0 88 ) (-352 56 88 ) (0 56 88 ) 
4 597 598 (-352 0 144 ) (-352 56 144 ) (-352 56 88 ) (-352 0 88 ) 
4 598 601 (-352 0 88 ) (-368 0 88 ) (-368 56 88 ) (-352 56 88 ) 
4 598 599 (-368 0 144 ) (-368 56 144 ) (-368 56 88 ) (-368 0 88 ) 
4 599 640 (-984 0 144 ) (-1024 0 144 ) (-1024 0 88 ) (-984 0 88 ) 
4 599 604 (-1024 56 88 ) (-1024 16 88 ) (-1024 16 144 ) (-1024 56 144 ) 
4 599 602 (-368 0 88 ) (-1024 0 88 ) (-1024 56 88 ) (-368 56 88 ) 
4 600 654 (0 0 -224 ) (0 0 88 ) (-352 0 88 ) (-352 0 -224 ) 
4 600 601 (-352 0 32 ) (-352 0 88 ) (-352 56 88 ) (-352 56 32 ) 
4 601 602 (-368 0 88 ) (-368 56 88 ) (-368 56 32 ) (-368 0 32 ) 
4 602 655 (-984 0 88 ) (-1024 0 88 ) (-1024 0 32 ) (-984 0 32 ) 
4 602 607 (-1024 16 88 ) (-1024 56 88 ) (-1024 56 32 ) (-1024 16 32 ) 
4 603 606 (-1040 256 896 ) (-1040 56 896 ) (-1040 56 992 ) (-1040 256 992 ) 
4 604 607 (-1024 56 88 ) (-1024 16 88 ) (-1040 16 88 ) (-1040 56 88 ) 
4 604 606 (-1040 56 88 ) (-1040 16 88 ) (-1040 16 144 ) (-1040 56 144 ) 
4 605 606 (-1760 1008 520 ) (-2000 1008 520 ) (-2000 1008 456 ) (-1760 1008 456 ) 
4 606 608 (-1040 1008 88 ) (-1040 16 88 ) (-2032 16 88 ) (-2032 1008 88 ) 
4 607 608 (-1040 16 88 ) (-1040 56 88 ) (-1040 56 32 ) (-1040 16 32 ) 
4 609 615 (-640 -208 2592 ) (-560 -208 2592 ) (-560 -208 2688 ) (-640 -208 2688 ) 
4 610 613 (-576 -208 848 ) (-576 -208 1008 ) (-576 -96 1008 ) (-576 -96 848 ) 
4 610 612 (-576 -96 1008 ) (-576 0 1008 ) (-576 0 848 ) (-576 -96 848 ) 
4 611 630 (0 -96 800 ) (0 -208 800 ) (-576 -208 800 ) (-576 -96 800 ) 
4 611 620 (-576 0 800 ) (0 0 800 ) (0 -96 800 ) (-576 -96 800 ) 
4 611 614 (-576 -96 800 ) (-576 -208 800 ) (-576 -208 816 ) (-576 -96 816 ) 
4 612 613 (-576 -96 848 ) (-576 -96 1008 ) (-768 -96 1008 ) (-768 -96 848 ) 
4 613 616 (-768 -96 992 ) (-768 -96 896 ) (-768 -176 896 ) (-768 -176 992 ) 
4 614 633 (-768 -208 800 ) (-768 -96 800 ) (-576 -96 800 ) (-576 -208 800 ) 
4 615 642 (-560 -224 2688 ) (-640 -224 2688 ) (-640 -224 2592 ) (-560 -224 2592 ) 
4 616 618 (-784 -176 896 ) (-784 -176 992 ) (-784 -96 992 ) (-784 -96 896 ) 
4 618 619 (-800 -96 992 ) (-800 -96 896 ) (-800 -176 896 ) (-800 -176 992 ) 
4 619 636 (-800 -224 800 ) (-1008 -224 800 ) (-1008 -96 800 ) (-800 -96 800 ) 
4 620 630 (0 -96 648 ) (0 -96 800 ) (-576 -96 800 ) (-576 -96 648 ) 
4 620 622 (-352 -96 648 ) (-576 -96 648 ) (-576 0 648 ) (-352 0 648 ) 
4 620 621 (0 -96 648 ) (-352 -96 648 ) (-352 0 648 ) (0 0 648 ) 
4 621 631 (0 -96 624 ) (0 -96 648 ) (-352 -96 648 ) (-352 -96 624 ) 
4 621 622 (-352 0 624 ) (-352 -96 624 ) (-352 -96 648 ) (-352 0 648 ) 
4 622 632 (-352 -96 648 ) (-576 -96 648 ) (-576 -96 624 ) (-352 -96 624 ) 
4 623 626 (-672 0 784 ) (-672 0 624 ) (-672 -64 624 ) (-672 -64 784 ) 
4 624 628 (-672 0 448 ) (-672 -64 448 ) (-672 -64 576 ) (-672 0 576 ) 
4 624 625 (-672 -64 576 ) (-672 -64 448 ) (0 -64 448 ) (0 -64 576 ) 
4 625 634 (-672 -96 448 ) (0 -96 448 ) (0 -96 576 ) (-672 -96 576 ) 
4 625 628 (-672 -64 448 ) (-672 -96 448 ) (-672 -96 576 ) (-672 -64 576 ) 
4 626 627 (-736 -64 624 ) (-672 -64 624 ) (-672 -64 736 ) (-736 -64 736 ) 
4 627 633 (-736 -96 624 ) (-672 -96 624 ) (-672 -96 736 ) (-736 -96 736 ) 
4 628 634 (-736 -96 448 ) (-672 -96 448 ) (-672 -96 576 ) (-736 -96 576 ) 
4 628 629 (-736 0 448 ) (-736 -96 448 ) (-736 -96 576 ) (-736 0 576 ) 
4 629 638 (-1008 -96 576 ) (-1008 -96 448 ) (-768 -96 448 ) (-768 -96 576 ) 
4 629 634 (-768 -96 448 ) (-736 -96 448 ) (-736 -96 576 ) (-768 -96 576 ) 
4 630 632 (-352 -208 648 ) (-576 -208 648 ) (-576 -96 648 ) (-352 -96 648 ) 
4 630 631 (0 -208 648 ) (-352 -208 648 ) (-352 -96 648 ) (0 -96 648 ) 
4 630 633 (-576 -96 800 ) (-576 -96 648 ) (-576 -208 648 ) (-576 -208 800 ) 
4 631 632 (-352 -96 624 ) (-352 -208 624 ) (-352 -208 648 ) (-352 -96 648 ) 
4 632 633 (-576 -96 648 ) (-576 -96 624 ) (-576 -208 624 ) (-576 -208 648 ) 
4 633 635 (-768 -96 800 ) (-768 -96 688 ) (-768 -176 688 ) (-768 -176 800 ) 
4 634 643 (-752 -224 560 ) (-752 -224 496 ) (-288 -224 496 ) (-288 -224 560 ) 
4 634 641 (-240 -224 560 ) (-240 -224 448 ) (-176 -224 448 ) (-176 -224 560 ) 
4 634 638 (-768 -96 576 ) (-768 -96 448 ) (-768 -224 448 ) (-768 -224 576 ) 
4 635 636 (-800 -96 800 ) (-800 -96 688 ) (-800 -176 688 ) (-800 -176 800 ) 
4 636 637 (-1008 -224 688 ) (-1008 -96 688 ) (-800 -96 688 ) (-800 -224 688 ) 
4 637 638 (-1008 -224 576 ) (-1008 -96 576 ) (-800 -96 576 ) (-800 -224 576 ) 
4 639 654 (-352 0 88 ) (0 0 88 ) (0 -208 88 ) (-352 -208 88 ) 
4 640 655 (-1024 -224 88 ) (-1024 0 88 ) (-984 0 88 ) (-984 -224 88 ) 
4 640 644 (-1024 -224 88 ) (-984 -224 88 ) (-984 -224 144 ) (-1024 -224 144 ) 
4 641 652 (-176 -240 448 ) (-176 -240 560 ) (-240 -240 560 ) (-240 -240 448 ) 
4 642 645 (-640 -240 2592 ) (-560 -240 2592 ) (-560 -240 2688 ) (-640 -240 2688 ) 
4 643 652 (-288 -240 560 ) (-752 -240 560 ) (-752 -240 496 ) (-288 -240 496 ) 
4 644 655 (-1024 -240 88 ) (-1024 -224 88 ) (-984 -224 88 ) (-984 -240 88 ) 
4 644 653 (-1024 -240 144 ) (-1024 -240 88 ) (-984 -240 88 ) (-984 -240 144 ) 
4 645 646 (-640 -256 2688 ) (-640 -256 2592 ) (-560 -256 2592 ) (-560 -256 2688 ) 
4 646 651 (-640 -1008 2048 ) (-640 -896 2048 ) (-336 -896 2048 ) (-336 -1008 2048 ) 
4 646 649 (-640 -896 2048 ) (-640 -384 2048 ) (-336 -384 2048 ) (-336 -896 2048 ) 
4 646 648 (-640 -384 2048 ) (-640 -256 2048 ) (-336 -256 2048 ) (-336 -384 2048 ) 
4 647 656 (0 -1024 88 ) (-128 -1024 88 ) (-128 -240 88 ) (0 -240 88 ) 
4 647 652 (-128 -240 1008 ) (-128 -240 88 ) (-128 -1024 88 ) (-128 -1024 1008 ) 
4 648 649 (-896 -384 2048 ) (-896 -384 1216 ) (-128 -384 1216 ) (-128 -384 2048 ) 
4 649 651 (-896 -896 2048 ) (-896 -896 1216 ) (-128 -896 1216 ) (-128 -896 2048 ) 
4 649 650 (-128 -896 1216 ) (-896 -896 1216 ) (-896 -384 1216 ) (-128 -384 1216 ) 
4 650 652 (-896 -896 1008 ) (-896 -384 1008 ) (-128 -384 1008 ) (-128 -896 1008 ) 
4 652 656 (-128 -1024 88 ) (-896 -1024 88 ) (-896 -240 88 ) (-128 -240 88 ) 
4 652 653 (-896 -240 1008 ) (-896 -240 88 ) (-896 -1024 88 ) (-896 -1024 1008 ) 
4 653 656 (-896 -1024 88 ) (-1024 -1024 88 ) (-1024 -240 88 ) (-896 -240 88 ) 
4 655 656 (-984 -240 88 ) (-1024 -240 88 ) (-1024 -240 32 ) (-984 -240 32 ) 
4 657 658 (-2872 1008 544 ) (-2872 1008 624 ) (-2920 1008 624 ) (-2920 1008 544 ) 
